Archive member included to satisfy reference by file (symbol)

C:/devkitPro/libctru/lib\libctru.a(initArgv.o)
                              C:/devkitPro/devkitARM/bin/../lib/gcc/arm-none-eabi/14.2.0/../../../../arm-none-eabi/lib/armv6k/fpu/3dsx_crt0.o (__system_argc)
C:/devkitPro/libctru/lib\libctru.a(stack_adjust.o)
                              C:/devkitPro/devkitARM/bin/../lib/gcc/arm-none-eabi/14.2.0/../../../../arm-none-eabi/lib/armv6k/fpu/3dsx_crt0.o (initSystem)
C:/devkitPro/libctru/lib\libctru.a(3dslink.o)
                              C:/devkitPro/libctru/lib\libctru.a(initArgv.o) (__3dslink_host)
C:/devkitPro/libctru/lib\libctru.a(soc_connect.o)
                              C:/devkitPro/libctru/lib\libctru.a(3dslink.o) (connect)
C:/devkitPro/libctru/lib\libctru.a(soc_socket.o)
                              C:/devkitPro/libctru/lib\libctru.a(3dslink.o) (socket)
C:/devkitPro/libctru/lib\libctru.a(appExit.o)
                              C:/devkitPro/libctru/lib\libctru.a(stack_adjust.o) (__appExit)
C:/devkitPro/libctru/lib\libctru.a(appInit.o)
                              C:/devkitPro/libctru/lib\libctru.a(stack_adjust.o) (__appInit)
C:/devkitPro/libctru/lib\libctru.a(ctru_exit.o)
                              C:/devkitPro/libctru/lib\libctru.a(stack_adjust.o) (__libctru_exit)
C:/devkitPro/libctru/lib\libctru.a(ctru_init.o)
                              C:/devkitPro/libctru/lib\libctru.a(stack_adjust.o) (__libctru_init)
C:/devkitPro/libctru/lib\libctru.a(syscalls.o)
                              C:/devkitPro/libctru/lib\libctru.a(ctru_init.o) (__system_initSyscalls)
C:/devkitPro/libctru/lib\libctru.a(svc.o)
                              C:/devkitPro/libctru/lib\libctru.a(ctru_exit.o) (svcControlMemory)
C:/devkitPro/libctru/lib\libctru.a(archive_dev.o)
                              C:/devkitPro/libctru/lib\libctru.a(appInit.o) (archiveMountSdmc)
C:/devkitPro/libctru/lib\libctru.a(env.o)
                              C:/devkitPro/libctru/lib\libctru.a(ctru_exit.o) (envDestroyHandles)
C:/devkitPro/libctru/lib\libctru.a(os.o)
                              C:/devkitPro/libctru/lib\libctru.a(syscalls.o) (osGetTime)
C:/devkitPro/libctru/lib\libctru.a(path_buf.o)
                              C:/devkitPro/libctru/lib\libctru.a(archive_dev.o) (__ctru_dev_utf16_buf)
C:/devkitPro/libctru/lib\libctru.a(srv.o)
                              C:/devkitPro/libctru/lib\libctru.a(appInit.o) (srvInit)
C:/devkitPro/libctru/lib\libctru.a(synchronization.o)
                              C:/devkitPro/libctru/lib\libctru.a(ctru_init.o) (__sync_init)
C:/devkitPro/libctru/lib\libctru.a(thread.o)
                              C:/devkitPro/libctru/lib\libctru.a(syscalls.o) (threadCreate)
C:/devkitPro/libctru/lib\libctru.a(apt.o)
                              C:/devkitPro/libctru/lib\libctru.a(appExit.o) (aptExit)
C:/devkitPro/libctru/lib\libctru.a(fs.o)
                              C:/devkitPro/libctru/lib\libctru.a(appInit.o) (fsInit)
C:/devkitPro/libctru/lib\libctru.a(gspgpu.o)
                              C:/devkitPro/libctru/lib\libctru.a(apt.o) (GSPGPU_SetLcdForceBlack)
C:/devkitPro/libctru/lib\libctru.a(hid.o)
                              C:/devkitPro/libctru/lib\libctru.a(appInit.o) (hidInit)
C:/devkitPro/libctru/lib\libctru.a(irrst.o)
                              C:/devkitPro/libctru/lib\libctru.a(hid.o) (irrstInit)
C:/devkitPro/libctru/lib\libctru.a(ptmsysm.o)
                              C:/devkitPro/libctru/lib\libctru.a(os.o) (ptmSysmInit)
C:/devkitPro/libctru/lib\libctru.a(srvpm.o)
                              C:/devkitPro/libctru/lib\libctru.a(srv.o) (srvPmGetSessionHandle)
C:/devkitPro/libctru/lib\libctru.a(soc_common.o)
                              C:/devkitPro/libctru/lib\libctru.a(soc_connect.o) (_net_convert_error)
C:/devkitPro/libctru/lib\libctru.a(decode_utf8.o)
                              C:/devkitPro/libctru/lib\libctru.a(archive_dev.o) (decode_utf8)
C:/devkitPro/libctru/lib\libctru.a(utf16_to_utf8.o)
                              C:/devkitPro/libctru/lib\libctru.a(archive_dev.o) (utf16_to_utf8)
C:/devkitPro/libctru/lib\libctru.a(utf8_to_utf16.o)
                              C:/devkitPro/libctru/lib\libctru.a(archive_dev.o) (utf8_to_utf16)
C:/devkitPro/libctru/lib\libctru.a(allocateHeaps.o)
                              C:/devkitPro/libctru/lib\libctru.a(ctru_init.o) (__system_allocateHeaps)
C:/devkitPro/libctru/lib\libctru.a(readtp.o)
                              C:/devkitPro/libctru/lib\libctru.a(archive_dev.o) (__aeabi_read_tp)
C:/devkitPro/libctru/lib\libctru.a(mappable.o)
                              C:/devkitPro/libctru/lib\libctru.a(allocateHeaps.o) (mappableInit)
C:/devkitPro/libctru/lib\libctru.a(decode_utf16.o)
                              C:/devkitPro/libctru/lib\libctru.a(utf16_to_utf8.o) (decode_utf16)
C:/devkitPro/libctru/lib\libctru.a(encode_utf16.o)
[...]
Memory Configuration

Name             Origin             Length             Attributes
*default*        0x00000000         0xffffffff

Linker script and memory map

                0x00000000                        __sync_synchronize = __sync_synchronize_dmb
                0x00100000                        PROVIDE (__start__ = 0x100000)
                0x00100000                        . = __start__

.text           0x00100000     0x97d8
 *(.crt0)
 .crt0          0x00100000       0x94 C:/devkitPro/devkitARM/bin/../lib/gcc/arm-none-eabi/14.2.0/../../../../arm-none-eabi/lib/armv6k/fpu/3dsx_crt0.o
                0x00100000                _start
                0x00100008                __service_ptr
                0x0010000c                __apt_appid
                0x00100010                __heap_size
                0x00100014                __linear_heap_size
                0x00100018                __system_arglist
                0x0010001c                __system_runflags
 *(.init)
 .init          0x00100094        0xc C:/devkitPro/devkitARM/bin/../lib/gcc/arm-none-eabi/14.2.0/armv6k/fpu/crti.o
                0x00100094                _init
 .init          0x001000a0        0xc C:/devkitPro/devkitARM/bin/../lib/gcc/arm-none-eabi/14.2.0/armv6k/fpu/crtn.o
                0x001000ac                        . = ALIGN (0x4)
 *(.text)
 .text          0x001000ac        0x4 C:/devkitPro/devkitARM/bin/../lib/gcc/arm-none-eabi/14.2.0/armv6k/fpu\libgcc.a(_dvmd_tls.o)
                0x001000ac                __aeabi_idiv0
                0x001000ac                __aeabi_ldiv0
 *fill*         0x001000b0       0x10 
 .text          0x001000c0      0x390 C:/devkitPro/devkitARM/bin/../lib/gcc/arm-none-eabi/14.2.0/../../../../arm-none-eabi/lib/armv6k/fpu\libg.a(libc_a-strcmp.o)
                0x001000c8                strcmp
 .text          0x00100450      0x20c C:/devkitPro/devkitARM/bin/../lib/gcc/arm-none-eabi/14.2.0/armv6k/fpu\libgcc.a(_udivsi3.o)
                0x00100450                __aeabi_uidiv
                0x00100450                __udivsi3
                0x0010063c                __aeabi_uidivmod
 .text          0x0010065c      0x240 C:/devkitPro/devkitARM/bin/../lib/gcc/arm-none-eabi/14.2.0/armv6k/fpu\libgcc.a(_divsi3.o)
                0x0010065c                __divsi3
                0x0010065c                __aeabi_idiv
                0x0010087c                __aeabi_idivmod
 *(.text.*)
 .text.__do_global_dtors_aux
                0x0010089c       0x40 C:/devkitPro/devkitARM/bin/../lib/gcc/arm-none-eabi/14.2.0/armv6k/fpu/crtbegin.o
 .text.frame_dummy
                0x001008dc       0x2c C:/devkitPro/devkitARM/bin/../lib/gcc/arm-none-eabi/14.2.0/armv6k/fpu/crtbegin.o
 .text.startup.main
                0x00100908       0x18 main.o
                0x00100908                main
 .text.__system_initArgv
                0x00100920      0x160 C:/devkitPro/libctru/lib\libctru.a(initArgv.o)
                0x00100920                __system_initArgv
 .text.initSystem
                0x00100a80       0x50 C:/devkitPro/libctru/lib\libctru.a(stack_adjust.o)
                0x00100a80                initSystem
 .text.__ctru_exit
                0x00100ad0       0x14 C:/devkitPro/libctru/lib\libctru.a(stack_adjust.o)
                0x00100ad0                __ctru_exit
 .text.__appExit
                0x00100ae4       0x30 C:/devkitPro/libctru/lib\libctru.a(appExit.o)
                0x00100ae4                __appExit
 .text.__appInit
                0x00100b14       0x30 C:/devkitPro/libctru/lib\libctru.a(appInit.o)
                0x00100b14                __appInit
 .text.__libctru_exit
                0x00100b44       0x90 C:/devkitPro/libctru/lib\libctru.a(ctru_exit.o)
                0x00100b44                __libctru_exit
 .text.__libctru_init
                0x00100bd4       0x38 C:/devkitPro/libctru/lib\libctru.a(ctru_init.o)
                0x00100bd4                __libctru_init
 .text.__syscall_getreent
                0x00100c0c       0x30 C:/devkitPro/libctru/lib\libctru.a(syscalls.o)
                0x00100c0c                __syscall_getreent
 .text.__syscall_lock_acquire
                0x00100c3c        0x4 C:/devkitPro/libctru/lib\libctru.a(syscalls.o)
                0x00100c3c                __syscall_lock_acquire
 .text.__syscall_lock_release
                0x00100c40        0x4 C:/devkitPro/libctru/lib\libctru.a(syscalls.o)
                0x00100c40                __syscall_lock_release
 .text.__syscall_lock_acquire_recursive
                0x00100c44        0x4 C:/devkitPro/libctru/lib\libctru.a(syscalls.o)
                0x00100c44                __syscall_lock_acquire_recursive
 .text.__syscall_lock_release_recursive
                0x00100c48        0x4 C:/devkitPro/libctru/lib\libctru.a(syscalls.o)
                0x00100c48                __syscall_lock_release_recursive
 .text.__syscall_exit
                0x00100c4c        0x4 C:/devkitPro/libctru/lib\libctru.a(syscalls.o)
                0x00100c4c                __syscall_exit
 .text.initThreadVars
                0x00100c50       0x50 C:/devkitPro/libctru/lib\libctru.a(syscalls.o)
                0x00100c50                initThreadVars
 .text.__system_initSyscalls
                0x00100ca0       0x80 C:/devkitPro/libctru/lib\libctru.a(syscalls.o)
                0x00100ca0                __system_initSyscalls
 .text.svcControlMemory
                0x00100d20       0x20 C:/devkitPro/libctru/lib\libctru.a(svc.o)
                0x00100d20                svcControlMemory
 .text.svcQueryMemory
                0x00100d40       0x30 C:/devkitPro/libctru/lib\libctru.a(svc.o)
                0x00100d40                svcQueryMemory
 .text.svcExitProcess
                0x00100d70        0x8 C:/devkitPro/libctru/lib\libctru.a(svc.o)
                0x00100d70                svcExitProcess
 .text.svcCreateThread
                0x00100d78       0x20 C:/devkitPro/libctru/lib\libctru.a(svc.o)
                0x00100d78                svcCreateThread
 .text.svcExitThread
                0x00100d98        0x8 C:/devkitPro/libctru/lib\libctru.a(svc.o)
                0x00100d98                svcExitThread
 .text.svcSleepThread
                0x00100da0        0x8 C:/devkitPro/libctru/lib\libctru.a(svc.o)
                0x00100da0                svcSleepThread
 .text.svcReleaseMutex
                0x00100da8        0x8 C:/devkitPro/libctru/lib\libctru.a(svc.o)
                0x00100da8                svcReleaseMutex
 .text.svcSignalEvent
                0x00100db0        0x8 C:/devkitPro/libctru/lib\libctru.a(svc.o)
                0x00100db0                svcSignalEvent
 .text.svcClearEvent
                0x00100db8        0x8 C:/devkitPro/libctru/lib\libctru.a(svc.o)
                0x00100db8                svcClearEvent
 .text.svcMapMemoryBlock
                0x00100dc0        0x8 C:/devkitPro/libctru/lib\libctru.a(svc.o)
                0x00100dc0                svcMapMemoryBlock
 .text.svcUnmapMemoryBlock
                0x00100dc8        0x8 C:/devkitPro/libctru/lib\libctru.a(svc.o)
                0x00100dc8                svcUnmapMemoryBlock
 .text.svcCreateAddressArbiter
                0x00100dd0       0x14 C:/devkitPro/libctru/lib\libctru.a(svc.o)
                0x00100dd0                svcCreateAddressArbiter
 .text.svcArbitrateAddressNoTimeout
                0x00100de4        0x8 C:/devkitPro/libctru/lib\libctru.a(svc.o)
                0x00100de4                svcArbitrateAddressNoTimeout
 .text.svcCloseHandle
                0x00100dec        0x8 C:/devkitPro/libctru/lib\libctru.a(svc.o)
                0x00100dec                svcCloseHandle
 .text.svcWaitSynchronization
                0x00100df4        0x8 C:/devkitPro/libctru/lib\libctru.a(svc.o)
                0x00100df4                svcWaitSynchronization
 .text.svcWaitSynchronizationN
                0x00100dfc       0x28 C:/devkitPro/libctru/lib\libctru.a(svc.o)
                0x00100dfc                svcWaitSynchronizationN
 .text.svcDuplicateHandle
                0x00100e24       0x14 C:/devkitPro/libctru/lib\libctru.a(svc.o)
                0x00100e24                svcDuplicateHandle
 .text.svcConnectToPort
                0x00100e38       0x14 C:/devkitPro/libctru/lib\libctru.a(svc.o)
                0x00100e38                svcConnectToPort
 .text.svcSendSyncRequest
                0x00100e4c        0x8 C:/devkitPro/libctru/lib\libctru.a(svc.o)
                0x00100e4c                svcSendSyncRequest
 .text.svcGetResourceLimit
                0x00100e54       0x14 C:/devkitPro/libctru/lib\libctru.a(svc.o)
                0x00100e54                svcGetResourceLimit
 .text.svcGetResourceLimitLimitValues
                0x00100e68        0x8 C:/devkitPro/libctru/lib\libctru.a(svc.o)
                0x00100e68                svcGetResourceLimitLimitValues
 .text.svcGetResourceLimitCurrentValues
                0x00100e70        0x8 C:/devkitPro/libctru/lib\libctru.a(svc.o)
                0x00100e70                svcGetResourceLimitCurrentValues
 .text.svcBreak
                0x00100e78        0x8 C:/devkitPro/libctru/lib\libctru.a(svc.o)
                0x00100e78                svcBreak
 .text.archive_link
                0x00100e80       0x14 C:/devkitPro/libctru/lib\libctru.a(archive_dev.o)
 .text.archive_dirreset
                0x00100e94       0x14 C:/devkitPro/libctru/lib\libctru.a(archive_dev.o)
 .text.archive_chmod
                0x00100ea8       0x14 C:/devkitPro/libctru/lib\libctru.a(archive_dev.o)
 .text.error_cmp
                0x00100ebc       0x24 C:/devkitPro/libctru/lib\libctru.a(archive_dev.o)
 .text.archive_translate_error
                0x00100ee0       0x50 C:/devkitPro/libctru/lib\libctru.a(archive_dev.o)
 .text.archive_seek
                0x00100f30       0xc4 C:/devkitPro/libctru/lib\libctru.a(archive_dev.o)
 .text._archiveInit.part.0
                0x00100ff4       0x78 C:/devkitPro/libctru/lib\libctru.a(archive_dev.o)
 .text.archiveFindDevice.part.0
                0x0010106c       0xc4 C:/devkitPro/libctru/lib\libctru.a(archive_dev.o)
 .text.archive_utf16path
                0x00101130      0x290 C:/devkitPro/libctru/lib\libctru.a(archive_dev.o)
 .text._archiveUnmountDeviceStruct.part.0
                0x001013c0       0x9c C:/devkitPro/libctru/lib\libctru.a(archive_dev.o)
 .text.archive_statvfs
                0x0010145c       0x14 C:/devkitPro/libctru/lib\libctru.a(archive_dev.o)
 .text.archive_fchmod
                0x00101470       0x14 C:/devkitPro/libctru/lib\libctru.a(archive_dev.o)
 .text._archiveMountDevice
                0x00101484      0x168 C:/devkitPro/libctru/lib\libctru.a(archive_dev.o)
 .text.archive_diropen
                0x001015ec       0xe8 C:/devkitPro/libctru/lib\libctru.a(archive_dev.o)
 .text.archive_fstat
                0x001016d4       0xa4 C:/devkitPro/libctru/lib\libctru.a(archive_dev.o)
 .text.archive_fsync
                0x00101778       0x6c C:/devkitPro/libctru/lib\libctru.a(archive_dev.o)
 .text.archive_close
                0x001017e4       0x6c C:/devkitPro/libctru/lib\libctru.a(archive_dev.o)
 .text.archive_dirclose
                0x00101850       0x70 C:/devkitPro/libctru/lib\libctru.a(archive_dev.o)
 .text.sdmc_statvfs
                0x001018c0       0xe4 C:/devkitPro/libctru/lib\libctru.a(archive_dev.o)
 .text.archive_chdir
                0x001019a4       0xec C:/devkitPro/libctru/lib\libctru.a(archive_dev.o)
 .text.archive_ftruncate
                0x00101a90       0x7c C:/devkitPro/libctru/lib\libctru.a(archive_dev.o)
 .text.archive_read
                0x00101b0c       0xac C:/devkitPro/libctru/lib\libctru.a(archive_dev.o)
 .text.archive_unlink
                0x00101bb8       0xa4 C:/devkitPro/libctru/lib\libctru.a(archive_dev.o)
 .text.archive_rmdir
                0x00101c5c       0xbc C:/devkitPro/libctru/lib\libctru.a(archive_dev.o)
 .text.archive_mkdir
                0x00101d18       0xdc C:/devkitPro/libctru/lib\libctru.a(archive_dev.o)
 .text.archive_stat
                0x00101df4      0x194 C:/devkitPro/libctru/lib\libctru.a(archive_dev.o)
 .text.archive_dirnext
                0x00101f88      0x15c C:/devkitPro/libctru/lib\libctru.a(archive_dev.o)
 .text.archive_write
                0x001020e4      0x124 C:/devkitPro/libctru/lib\libctru.a(archive_dev.o)
 .text.archive_open
                0x00102208      0x210 C:/devkitPro/libctru/lib\libctru.a(archive_dev.o)
 .text.archive_rename
                0x00102418      0x268 C:/devkitPro/libctru/lib\libctru.a(archive_dev.o)
 .text.archiveMountSdmc
                0x00102680      0x19c C:/devkitPro/libctru/lib\libctru.a(archive_dev.o)
                0x00102680                archiveMountSdmc
 .text.archiveUnmountAll
                0x0010281c       0x54 C:/devkitPro/libctru/lib\libctru.a(archive_dev.o)
                0x0010281c                archiveUnmountAll
 .text.envGetHandle
                0x00102870       0x84 C:/devkitPro/libctru/lib\libctru.a(env.o)
                0x00102870                envGetHandle
 .text.envDestroyHandles
                0x001028f4       0x50 C:/devkitPro/libctru/lib\libctru.a(env.o)
                0x001028f4                envDestroyHandles
 .text.__ctru_speedup_config
                0x00102944       0x34 C:/devkitPro/libctru/lib\libctru.a(os.o)
                0x00102944                __ctru_speedup_config
 .text.srvInit  0x00102978      0x12c C:/devkitPro/libctru/lib\libctru.a(srv.o)
                0x00102978                srvInit
 .text.srvExit  0x00102aa4       0x58 C:/devkitPro/libctru/lib\libctru.a(srv.o)
                0x00102aa4                srvExit
 .text.srvEnableNotification
                0x00102afc       0x60 C:/devkitPro/libctru/lib\libctru.a(srv.o)
                0x00102afc                srvEnableNotification
 .text.srvGetServiceHandleDirect
                0x00102b5c       0xa0 C:/devkitPro/libctru/lib\libctru.a(srv.o)
                0x00102b5c                srvGetServiceHandleDirect
 .text.srvGetServiceHandle
                0x00102bfc       0x38 C:/devkitPro/libctru/lib\libctru.a(srv.o)
                0x00102bfc                srvGetServiceHandle
 .text.srvSubscribe
                0x00102c34       0x34 C:/devkitPro/libctru/lib\libctru.a(srv.o)
                0x00102c34                srvSubscribe
 .text.srvReceiveNotification
                0x00102c68       0x60 C:/devkitPro/libctru/lib\libctru.a(srv.o)
                0x00102c68                srvReceiveNotification
 .text.srvPublishToSubscriber
                0x00102cc8       0x38 C:/devkitPro/libctru/lib\libctru.a(srv.o)
                0x00102cc8                srvPublishToSubscriber
 .text.__sync_init
                0x00102d00        0xc C:/devkitPro/libctru/lib\libctru.a(synchronization.o)
                0x00102d00                __sync_init
 .text.__sync_fini
                0x00102d0c       0x18 C:/devkitPro/libctru/lib\libctru.a(synchronization.o)
                0x00102d0c                __sync_fini
 .text.LightLock_Lock
                0x00102d24       0xb0 C:/devkitPro/libctru/lib\libctru.a(synchronization.o)
                0x00102d24                LightLock_Lock
 .text.LightLock_Unlock
                0x00102dd4       0x40 C:/devkitPro/libctru/lib\libctru.a(synchronization.o)
                0x00102dd4                LightLock_Unlock
 .text.RecursiveLock_Lock
                0x00102e14       0x30 C:/devkitPro/libctru/lib\libctru.a(synchronization.o)
                0x00102e14                RecursiveLock_Lock
 .text.RecursiveLock_Unlock
                0x00102e44       0x54 C:/devkitPro/libctru/lib\libctru.a(synchronization.o)
                0x00102e44                RecursiveLock_Unlock
 .text.LightEvent_Init
                0x00102e98       0x40 C:/devkitPro/libctru/lib\libctru.a(synchronization.o)
                0x00102e98                LightEvent_Init
 .text.LightEvent_Clear
                0x00102ed8       0xa4 C:/devkitPro/libctru/lib\libctru.a(synchronization.o)
                0x00102ed8                LightEvent_Clear
 .text.LightEvent_Signal
                0x00102f7c       0xc8 C:/devkitPro/libctru/lib\libctru.a(synchronization.o)
                0x00102f7c                LightEvent_Signal
 .text.LightEvent_TryWait
                0x00103044       0x50 C:/devkitPro/libctru/lib\libctru.a(synchronization.o)
                0x00103044                LightEvent_TryWait
 .text.LightEvent_Wait
                0x00103094       0xa0 C:/devkitPro/libctru/lib\libctru.a(synchronization.o)
                0x00103094                LightEvent_Wait
 .text.threadCreate
                0x00103134      0x1d4 C:/devkitPro/libctru/lib\libctru.a(thread.o)
                0x00103134                threadCreate
 .text.threadFree
                0x00103308       0x2c C:/devkitPro/libctru/lib\libctru.a(thread.o)
                0x00103308                threadFree
 .text.threadJoin
                0x00103334       0x24 C:/devkitPro/libctru/lib\libctru.a(thread.o)
                0x00103334                threadJoin
 .text.threadGetCurrent
                0x00103358       0x30 C:/devkitPro/libctru/lib\libctru.a(thread.o)
                0x00103358                threadGetCurrent
 .text.threadExit
                0x00103388       0x40 C:/devkitPro/libctru/lib\libctru.a(thread.o)
                0x00103388                threadExit
 .text._thread_begin
                0x001033c8       0x20 C:/devkitPro/libctru/lib\libctru.a(thread.o)
 .text.aptDspSleep
                0x001033e8        0x8 C:/devkitPro/libctru/lib\libctru.a(apt.o)
                0x001033e8                aptDspSleep
 .text.aptDspWakeup
                0x001033f0        0x4 C:/devkitPro/libctru/lib\libctru.a(apt.o)
                0x001033f0                aptDspWakeup
 .text.aptDspCancel
                0x001033f4        0x4 C:/devkitPro/libctru/lib\libctru.a(apt.o)
                0x001033f4                aptDspCancel
 .text.aptSendCommand
                0x001033f8      0x158 C:/devkitPro/libctru/lib\libctru.a(apt.o)
                0x001033f8                aptSendCommand
 .text.aptExitProcess
                0x00103550       0x44 C:/devkitPro/libctru/lib\libctru.a(apt.o)
 .text.aptExit  0x00103594      0x380 C:/devkitPro/libctru/lib\libctru.a(apt.o)
                0x00103594                aptExit
 .text.APT_SleepIfShellClosed
                0x00103914       0x84 C:/devkitPro/libctru/lib\libctru.a(apt.o)
                0x00103914                APT_SleepIfShellClosed
 .text.APT_UnlockTransition
                0x00103998       0x84 C:/devkitPro/libctru/lib\libctru.a(apt.o)
                0x00103998                APT_UnlockTransition
 *fill*         0x00103a1c        0x4 
 .text.aptEventHandler
                0x00103a20      0x478 C:/devkitPro/libctru/lib\libctru.a(apt.o)
 .text.APT_ReceiveParameter
                0x00103e98       0xb0 C:/devkitPro/libctru/lib\libctru.a(apt.o)
                0x00103e98                APT_ReceiveParameter
 .text.aptReceiveParameter.constprop.0
                0x00103f48       0xac C:/devkitPro/libctru/lib\libctru.a(apt.o)
 .text.aptWaitForWakeUp.isra.0
                0x00103ff4      0x2c8 C:/devkitPro/libctru/lib\libctru.a(apt.o)
 .text.aptInit  0x001042bc      0x22c C:/devkitPro/libctru/lib\libctru.a(apt.o)
                0x001042bc                aptInit
 .text.APT_CheckNew3DS
                0x001044e8       0x7c C:/devkitPro/libctru/lib\libctru.a(apt.o)
                0x001044e8                APT_CheckNew3DS
 .text.fsInit   0x00104564       0xd0 C:/devkitPro/libctru/lib\libctru.a(fs.o)
                0x00104564                fsInit
 .text.fsExit   0x00104634       0x3c C:/devkitPro/libctru/lib\libctru.a(fs.o)
                0x00104634                fsExit
 .text.fsExemptFromSession
                0x00104670       0x60 C:/devkitPro/libctru/lib\libctru.a(fs.o)
                0x00104670                fsExemptFromSession
 .text.fsUnexemptFromSession
                0x001046d0       0x50 C:/devkitPro/libctru/lib\libctru.a(fs.o)
                0x001046d0                fsUnexemptFromSession
 .text.FSUSER_OpenFile
                0x00104720       0xcc C:/devkitPro/libctru/lib\libctru.a(fs.o)
                0x00104720                FSUSER_OpenFile
 .text.FSUSER_DeleteFile
                0x001047ec       0xbc C:/devkitPro/libctru/lib\libctru.a(fs.o)
                0x001047ec                FSUSER_DeleteFile
 .text.FSUSER_RenameFile
                0x001048a8       0xf8 C:/devkitPro/libctru/lib\libctru.a(fs.o)
                0x001048a8                FSUSER_RenameFile
 .text.FSUSER_DeleteDirectory
                0x001049a0       0xbc C:/devkitPro/libctru/lib\libctru.a(fs.o)
                0x001049a0                FSUSER_DeleteDirectory
 .text.FSUSER_CreateFile
                0x00104a5c       0xd4 C:/devkitPro/libctru/lib\libctru.a(fs.o)
                0x00104a5c                FSUSER_CreateFile
 .text.FSUSER_CreateDirectory
                0x00104b30       0xc4 C:/devkitPro/libctru/lib\libctru.a(fs.o)
                0x00104b30                FSUSER_CreateDirectory
 .text.FSUSER_RenameDirectory
                0x00104bf4       0xf8 C:/devkitPro/libctru/lib\libctru.a(fs.o)
                0x00104bf4                FSUSER_RenameDirectory
 .text.FSUSER_OpenDirectory
                0x00104cec       0xb4 C:/devkitPro/libctru/lib\libctru.a(fs.o)
                0x00104cec                FSUSER_OpenDirectory
 .text.FSUSER_OpenArchive
                0x00104da0       0x94 C:/devkitPro/libctru/lib\libctru.a(fs.o)
                0x00104da0                FSUSER_OpenArchive
 .text.FSUSER_CloseArchive
                0x00104e34       0x8c C:/devkitPro/libctru/lib\libctru.a(fs.o)
                0x00104e34                FSUSER_CloseArchive
 .text.FSUSER_GetSdmcArchiveResource
                0x00104ec0       0x74 C:/devkitPro/libctru/lib\libctru.a(fs.o)
                0x00104ec0                FSUSER_GetSdmcArchiveResource
 .text.FSUSER_IsSdmcWritable
                0x00104f34       0x64 C:/devkitPro/libctru/lib\libctru.a(fs.o)
                0x00104f34                FSUSER_IsSdmcWritable
 .text.FSFILE_Read
                0x00104f98       0x58 C:/devkitPro/libctru/lib\libctru.a(fs.o)
                0x00104f98                FSFILE_Read
 .text.FSFILE_Write
                0x00104ff0       0x60 C:/devkitPro/libctru/lib\libctru.a(fs.o)
                0x00104ff0                FSFILE_Write
 .text.FSFILE_GetSize
                0x00105050       0x38 C:/devkitPro/libctru/lib\libctru.a(fs.o)
                0x00105050                FSFILE_GetSize
 .text.FSFILE_SetSize
                0x00105088       0x28 C:/devkitPro/libctru/lib\libctru.a(fs.o)
                0x00105088                FSFILE_SetSize
 .text.FSFILE_Close
                0x001050b0       0x3c C:/devkitPro/libctru/lib\libctru.a(fs.o)
                0x001050b0                FSFILE_Close
 .text.FSFILE_Flush
                0x001050ec       0x24 C:/devkitPro/libctru/lib\libctru.a(fs.o)
                0x001050ec                FSFILE_Flush
 .text.FSDIR_Read
                0x00105110       0x50 C:/devkitPro/libctru/lib\libctru.a(fs.o)
                0x00105110                FSDIR_Read
 .text.FSDIR_Close
                0x00105160       0x3c C:/devkitPro/libctru/lib\libctru.a(fs.o)
                0x00105160                FSDIR_Close
 .text.GSPGPU_AcquireRight
                0x0010519c       0x68 C:/devkitPro/libctru/lib\libctru.a(gspgpu.o)
                0x0010519c                GSPGPU_AcquireRight
 .text.GSPGPU_RestoreVramSysArea
                0x00105204       0x2c C:/devkitPro/libctru/lib\libctru.a(gspgpu.o)
                0x00105204                GSPGPU_RestoreVramSysArea
 .text.hidShouldUseIrrst
                0x00105230       0x24 C:/devkitPro/libctru/lib\libctru.a(hid.o)
                0x00105230                hidShouldUseIrrst
 .text.hidInit  0x00105254      0x18c C:/devkitPro/libctru/lib\libctru.a(hid.o)
                0x00105254                hidInit
 .text.hidExit  0x001053e0       0xe8 C:/devkitPro/libctru/lib\libctru.a(hid.o)
                0x001053e0                hidExit
 .text.irrstInit
                0x001054c8      0x160 C:/devkitPro/libctru/lib\libctru.a(irrst.o)
                0x001054c8                irrstInit
 .text.irrstExit
                0x00105628       0xcc C:/devkitPro/libctru/lib\libctru.a(irrst.o)
                0x00105628                irrstExit
 .text.ptmSysmInit
                0x001056f4       0x74 C:/devkitPro/libctru/lib\libctru.a(ptmsysm.o)
                0x001056f4                ptmSysmInit
 .text.ptmSysmExit
                0x00105768       0x3c C:/devkitPro/libctru/lib\libctru.a(ptmsysm.o)
                0x00105768                ptmSysmExit
 .text.PTMSYSM_ConfigureNew3DSCPU
                0x001057a4       0x34 C:/devkitPro/libctru/lib\libctru.a(ptmsysm.o)
                0x001057a4                PTMSYSM_ConfigureNew3DSCPU
 .text.srvPmGetSessionHandle
                0x001057d8        0xc C:/devkitPro/libctru/lib\libctru.a(srvpm.o)
                0x001057d8                srvPmGetSessionHandle
 .text.decode_utf8
                0x001057e4      0x13c C:/devkitPro/libctru/lib\libctru.a(decode_utf8.o)
                0x001057e4                decode_utf8
 .text.utf16_to_utf8
                0x00105920       0xe8 C:/devkitPro/libctru/lib\libctru.a(utf16_to_utf8.o)
                0x00105920                utf16_to_utf8
 .text.utf8_to_utf16
                0x00105a08       0xc0 C:/devkitPro/libctru/lib\libctru.a(utf8_to_utf16.o)
                0x00105a08                utf8_to_utf16
 .text.__system_allocateHeaps
                0x00105ac8      0x1e0 C:/devkitPro/libctru/lib\libctru.a(allocateHeaps.o)
                0x00105ac8                __system_allocateHeaps
 .text.__aeabi_read_tp
                0x00105ca8        0xc C:/devkitPro/libctru/lib\libctru.a(readtp.o)
                0x00105ca8                __aeabi_read_tp
 .text.mappableFindAddressWithin
                0x00105cb4       0x90 C:/devkitPro/libctru/lib\libctru.a(mappable.o)
 .text.mappableInit
                0x00105d44       0x28 C:/devkitPro/libctru/lib\libctru.a(mappable.o)
                0x00105d44                mappableInit
 .text.mappableAlloc
                0x00105d6c       0x80 C:/devkitPro/libctru/lib\libctru.a(mappable.o)
                0x00105d6c                mappableAlloc
 .text.mappableFree
                0x00105dec        0x4 C:/devkitPro/libctru/lib\libctru.a(mappable.o)
                0x00105dec                mappableFree
 .text.decode_utf16
                0x00105df0       0x64 C:/devkitPro/libctru/lib\libctru.a(decode_utf16.o)
                0x00105df0                decode_utf16
 .text.encode_utf16
                0x00105e54       0x54 C:/devkitPro/libctru/lib\libctru.a(encode_utf16.o)
                0x00105e54                encode_utf16
 .text.encode_utf8
                0x00105ea8       0xe0 C:/devkitPro/libctru/lib\libctru.a(encode_utf8.o)
                0x00105ea8                encode_utf8
 .text.strncmp  0x00105f88       0xd8 C:/devkitPro/devkitARM/bin/../lib/gcc/arm-none-eabi/14.2.0/../../../../arm-none-eabi/lib/armv6k/fpu\libg.a(libc_a-strncmp.o)
                0x00105f88                strncmp
 .text.strlen   0x00106060       0x5c C:/devkitPro/devkitARM/bin/../lib/gcc/arm-none-eabi/14.2.0/../../../../arm-none-eabi/lib/armv6k/fpu\libg.a(libc_a-strlen-stub.o)
                0x00106060                strlen
 .text._strtoul_l.isra.0
                0x001060bc      0x1e4 C:/devkitPro/devkitARM/bin/../lib/gcc/arm-none-eabi/14.2.0/../../../../arm-none-eabi/lib/armv6k/fpu\libg.a(libc_a-strtoul.o)
 .text.strtoul  0x001062a0       0x34 C:/devkitPro/devkitARM/bin/../lib/gcc/arm-none-eabi/14.2.0/../../../../arm-none-eabi/lib/armv6k/fpu\libg.a(libc_a-strtoul.o)
                0x001062a0                strtoul
 .text.strncat  0x001062d4       0xe4 C:/devkitPro/devkitARM/bin/../lib/gcc/arm-none-eabi/14.2.0/../../../../arm-none-eabi/lib/armv6k/fpu\libg.a(libc_a-strncat.o)
                0x001062d4                strncat
 .text.bsearch  0x001063b8       0x78 C:/devkitPro/devkitARM/bin/../lib/gcc/arm-none-eabi/14.2.0/../../../../arm-none-eabi/lib/armv6k/fpu\libg.a(libc_a-bsearch.o)
                0x001063b8                bsearch
 .text.memalign
                0x00106430       0x20 C:/devkitPro/devkitARM/bin/../lib/gcc/arm-none-eabi/14.2.0/../../../../arm-none-eabi/lib/armv6k/fpu\libg.a(libc_a-malign.o)
                0x00106430                memalign
 .text.stdio_exit_handler
                0x00106450       0x1c C:/devkitPro/devkitARM/bin/../lib/gcc/arm-none-eabi/14.2.0/../../../../arm-none-eabi/lib/armv6k/fpu\libg.a(libc_a-findfp.o)
 .text.cleanup_stdio
                0x0010646c       0x5c C:/devkitPro/devkitARM/bin/../lib/gcc/arm-none-eabi/14.2.0/../../../../arm-none-eabi/lib/armv6k/fpu\libg.a(libc_a-findfp.o)
 .text.global_stdio_init.part.0
                0x001064c8      0x154 C:/devkitPro/devkitARM/bin/../lib/gcc/arm-none-eabi/14.2.0/../../../../arm-none-eabi/lib/armv6k/fpu\libg.a(libc_a-findfp.o)
 .text.__sinit  0x0010661c       0x5c C:/devkitPro/devkitARM/bin/../lib/gcc/arm-none-eabi/14.2.0/../../../../arm-none-eabi/lib/armv6k/fpu\libg.a(libc_a-findfp.o)
                0x0010661c                __sinit
 .text.__sfp_lock_acquire
                0x00106678        0xc C:/devkitPro/devkitARM/bin/../lib/gcc/arm-none-eabi/14.2.0/../../../../arm-none-eabi/lib/armv6k/fpu\libg.a(libc_a-findfp.o)
                0x00106678                __sfp_lock_acquire
 .text.__sfp_lock_release
                0x00106684        0xc C:/devkitPro/devkitARM/bin/../lib/gcc/arm-none-eabi/14.2.0/../../../../arm-none-eabi/lib/armv6k/fpu\libg.a(libc_a-findfp.o)
                0x00106684                __sfp_lock_release
 .text._malloc_r
                0x00106690      0x7e8 C:/devkitPro/devkitARM/bin/../lib/gcc/arm-none-eabi/14.2.0/../../../../arm-none-eabi/lib/armv6k/fpu\libg.a(libc_a-mallocr.o)
                0x00106690                _malloc_r
 .text._malloc_trim_r
                0x00106e78       0xf8 C:/devkitPro/devkitARM/bin/../lib/gcc/arm-none-eabi/14.2.0/../../../../arm-none-eabi/lib/armv6k/fpu\libg.a(libc_a-freer.o)
                0x00106e78                _malloc_trim_r
 .text._free_r  0x00106f70      0x300 C:/devkitPro/devkitARM/bin/../lib/gcc/arm-none-eabi/14.2.0/../../../../arm-none-eabi/lib/armv6k/fpu\libg.a(libc_a-freer.o)
                0x00106f70                _free_r
 .text.strnlen  0x00107270       0x4c C:/devkitPro/devkitARM/bin/../lib/gcc/arm-none-eabi/14.2.0/../../../../arm-none-eabi/lib/armv6k/fpu\libg.a(libc_a-strnlen.o)
                0x00107270                strnlen
 .text.__errno  0x001072bc        0xc C:/devkitPro/devkitARM/bin/../lib/gcc/arm-none-eabi/14.2.0/../../../../arm-none-eabi/lib/armv6k/fpu\libg.a(libc_a-errno.o)
                0x001072bc                __errno
 .text.malloc   0x001072c8       0x34 C:/devkitPro/devkitARM/bin/../lib/gcc/arm-none-eabi/14.2.0/../../../../arm-none-eabi/lib/armv6k/fpu\libg.a(libc_a-malloc.o)
                0x001072c8                malloc
 .text.free     0x001072fc       0x18 C:/devkitPro/devkitARM/bin/../lib/gcc/arm-none-eabi/14.2.0/../../../../arm-none-eabi/lib/armv6k/fpu\libg.a(libc_a-malloc.o)
                0x001072fc                free
 .text.memcpy   0x00107314      0x130 C:/devkitPro/devkitARM/bin/../lib/gcc/arm-none-eabi/14.2.0/../../../../arm-none-eabi/lib/armv6k/fpu\libg.a(libc_a-memcpy-stub.o)
                0x00107314                memcpy
 .text._puts_r  0x00107444       0xe0 C:/devkitPro/devkitARM/bin/../lib/gcc/arm-none-eabi/14.2.0/../../../../arm-none-eabi/lib/armv6k/fpu\libg.a(libc_a-puts.o)
                0x00107444                _puts_r
 .text.puts     0x00107524       0x18 C:/devkitPro/devkitARM/bin/../lib/gcc/arm-none-eabi/14.2.0/../../../../arm-none-eabi/lib/armv6k/fpu\libg.a(libc_a-puts.o)
                0x00107524                puts
 .text.memset   0x0010753c       0xe8 C:/devkitPro/devkitARM/bin/../lib/gcc/arm-none-eabi/14.2.0/../../../../arm-none-eabi/lib/armv6k/fpu\libg.a(libc_a-memset.o)
                0x0010753c                memset
 .text._fwalk_sglue
                0x00107624       0x70 C:/devkitPro/devkitARM/bin/../lib/gcc/arm-none-eabi/14.2.0/../../../../arm-none-eabi/lib/armv6k/fpu\libg.a(libc_a-fwalk.o)
                0x00107624                _fwalk_sglue
 .text.__malloc_lock
                0x00107694        0xc C:/devkitPro/devkitARM/bin/../lib/gcc/arm-none-eabi/14.2.0/../../../../arm-none-eabi/lib/armv6k/fpu\libg.a(libc_a-mlock.o)
                0x00107694                __malloc_lock
 .text.__malloc_unlock
                0x001076a0        0xc C:/devkitPro/devkitARM/bin/../lib/gcc/arm-none-eabi/14.2.0/../../../../arm-none-eabi/lib/armv6k/fpu\libg.a(libc_a-mlock.o)
                0x001076a0                __malloc_unlock
 .text.__call_exitprocs
                0x001076ac        0x4 C:/devkitPro/devkitARM/bin/../lib/gcc/arm-none-eabi/14.2.0/../../../../arm-none-eabi/lib/armv6k/fpu\libg.a(libc_a-exit.o)
                0x001076ac                __call_exitprocs
 .text.exit     0x001076b0       0x30 C:/devkitPro/devkitARM/bin/../lib/gcc/arm-none-eabi/14.2.0/../../../../arm-none-eabi/lib/armv6k/fpu\libg.a(libc_a-exit.o)
                0x001076b0                exit
 .text.strncpy  0x001076e0       0xc4 C:/devkitPro/devkitARM/bin/../lib/gcc/arm-none-eabi/14.2.0/../../../../arm-none-eabi/lib/armv6k/fpu\libg.a(libc_a-strncpy.o)
                0x001076e0                strncpy
 .text.__libc_init_array
                0x001077a4       0x84 C:/devkitPro/devkitARM/bin/../lib/gcc/arm-none-eabi/14.2.0/../../../../arm-none-eabi/lib/armv6k/fpu\libg.a(libc_a-init.o)
                0x001077a4                __libc_init_array
 .text.__sflush_r
                0x00107828      0x228 C:/devkitPro/devkitARM/bin/../lib/gcc/arm-none-eabi/14.2.0/../../../../arm-none-eabi/lib/armv6k/fpu\libg.a(libc_a-fflush.o)
                0x00107828                __sflush_r
 .text._fflush_r
                0x00107a50       0x94 C:/devkitPro/devkitARM/bin/../lib/gcc/arm-none-eabi/14.2.0/../../../../arm-none-eabi/lib/armv6k/fpu\libg.a(libc_a-fflush.o)
                0x00107a50                _fflush_r
 .text.__sfvwrite_r
                0x00107ae4      0x480 C:/devkitPro/devkitARM/bin/../lib/gcc/arm-none-eabi/14.2.0/../../../../arm-none-eabi/lib/armv6k/fpu\libg.a(libc_a-fvwrite.o)
                0x00107ae4                __sfvwrite_r
 .text._memalign_r
                0x00107f64      0x150 C:/devkitPro/devkitARM/bin/../lib/gcc/arm-none-eabi/14.2.0/../../../../arm-none-eabi/lib/armv6k/fpu\libg.a(libc_a-malignr.o)
                0x00107f64                _memalign_r
 .text.memchr   0x001080b4       0xe0 C:/devkitPro/devkitARM/bin/../lib/gcc/arm-none-eabi/14.2.0/../../../../arm-none-eabi/lib/armv6k/fpu\libg.a(libc_a-memchr-stub.o)
                0x001080b4                memchr
 .text.__libc_fini_array
                0x00108194       0x3c C:/devkitPro/devkitARM/bin/../lib/gcc/arm-none-eabi/14.2.0/../../../../arm-none-eabi/lib/armv6k/fpu\libg.a(libc_a-fini.o)
                0x00108194                __libc_fini_array
 .text.__sread  0x001081d0       0x44 C:/devkitPro/devkitARM/bin/../lib/gcc/arm-none-eabi/14.2.0/../../../../arm-none-eabi/lib/armv6k/fpu\libg.a(libc_a-stdio.o)
                0x001081d0                __sread
 .text.__swrite
                0x00108214       0x68 C:/devkitPro/devkitARM/bin/../lib/gcc/arm-none-eabi/14.2.0/../../../../arm-none-eabi/lib/armv6k/fpu\libg.a(libc_a-stdio.o)
                0x00108214                __swrite
 .text.__sseek  0x0010827c       0x40 C:/devkitPro/devkitARM/bin/../lib/gcc/arm-none-eabi/14.2.0/../../../../arm-none-eabi/lib/armv6k/fpu\libg.a(libc_a-stdio.o)
                0x0010827c                __sseek
 .text.__sclose
                0x001082bc        0x8 C:/devkitPro/devkitARM/bin/../lib/gcc/arm-none-eabi/14.2.0/../../../../arm-none-eabi/lib/armv6k/fpu\libg.a(libc_a-stdio.o)
                0x001082bc                __sclose
 .text._fclose_r
                0x001082c4      0x148 C:/devkitPro/devkitARM/bin/../lib/gcc/arm-none-eabi/14.2.0/../../../../arm-none-eabi/lib/armv6k/fpu\libg.a(libc_a-fclose.o)
                0x001082c4                _fclose_r
 .text._realloc_r
                0x0010840c      0x4a4 C:/devkitPro/devkitARM/bin/../lib/gcc/arm-none-eabi/14.2.0/../../../../arm-none-eabi/lib/armv6k/fpu\libg.a(libc_a-reallocr.o)
                0x0010840c                _realloc_r
 .text.__swsetup_r
                0x001088b0      0x194 C:/devkitPro/devkitARM/bin/../lib/gcc/arm-none-eabi/14.2.0/../../../../arm-none-eabi/lib/armv6k/fpu\libg.a(libc_a-wsetup.o)
                0x001088b0                __swsetup_r
 .text.memmove  0x00108a44      0x160 C:/devkitPro/devkitARM/bin/../lib/gcc/arm-none-eabi/14.2.0/../../../../arm-none-eabi/lib/armv6k/fpu\libg.a(libc_a-memmove.o)
                0x00108a44                memmove
 .text.__smakebuf_r
                0x00108ba4      0x144 C:/devkitPro/devkitARM/bin/../lib/gcc/arm-none-eabi/14.2.0/../../../../arm-none-eabi/lib/armv6k/fpu\libg.a(libc_a-makebuf.o)
                0x00108ba4                __smakebuf_r
 .text._exit    0x00108ce8       0x20 C:/devkitPro/devkitARM/bin/../lib/gcc/arm-none-eabi/14.2.0/../../../../arm-none-eabi/lib/armv6k/fpu\libsysbase.a(libsysbase_libsysbase_a-_exit.o)
                0x00108ce8                _exit
 .text.chdir    0x00108d08      0x13c C:/devkitPro/devkitARM/bin/../lib/gcc/arm-none-eabi/14.2.0/../../../../arm-none-eabi/lib/armv6k/fpu\libsysbase.a(libsysbase_libsysbase_a-chdir.o)
                0x00108d08                chdir
 .text._concatenate_path
                0x00108e44      0x1cc C:/devkitPro/devkitARM/bin/../lib/gcc/arm-none-eabi/14.2.0/../../../../arm-none-eabi/lib/armv6k/fpu\libsysbase.a(libsysbase_libsysbase_a-concatenate.o)
                0x00108e44                _concatenate_path
 .text._fstat_r
                0x00109010       0x88 C:/devkitPro/devkitARM/bin/../lib/gcc/arm-none-eabi/14.2.0/../../../../arm-none-eabi/lib/armv6k/fpu\libsysbase.a(libsysbase_libsysbase_a-fstat.o)
                0x00109010                _fstat_r
 .text.__getreent
                0x00109098       0x2c C:/devkitPro/devkitARM/bin/../lib/gcc/arm-none-eabi/14.2.0/../../../../arm-none-eabi/lib/armv6k/fpu\libsysbase.a(libsysbase_libsysbase_a-getreent.o)
                0x00109098                __getreent
 .text.__get_handle
                0x001090c4       0x3c C:/devkitPro/devkitARM/bin/../lib/gcc/arm-none-eabi/14.2.0/../../../../arm-none-eabi/lib/armv6k/fpu\libsysbase.a(libsysbase_libsysbase_a-handle_manager.o)
                0x001090c4                __get_handle
 .text._close_r
                0x00109100       0xf4 C:/devkitPro/devkitARM/bin/../lib/gcc/arm-none-eabi/14.2.0/../../../../arm-none-eabi/lib/armv6k/fpu\libsysbase.a(libsysbase_libsysbase_a-handle_manager.o)
                0x00109100                _close_r
 .text.null_write
                0x001091f4        0x8 C:/devkitPro/devkitARM/bin/../lib/gcc/arm-none-eabi/14.2.0/../../../../arm-none-eabi/lib/armv6k/fpu\libsysbase.a(libsysbase_libsysbase_a-iosupport.o)
 .text.setDefaultDevice
                0x001091fc       0x18 C:/devkitPro/devkitARM/bin/../lib/gcc/arm-none-eabi/14.2.0/../../../../arm-none-eabi/lib/armv6k/fpu\libsysbase.a(libsysbase_libsysbase_a-iosupport.o)
                0x001091fc                setDefaultDevice
 .text.FindDevice
                0x00109214       0xc8 C:/devkitPro/devkitARM/bin/../lib/gcc/arm-none-eabi/14.2.0/../../../../arm-none-eabi/lib/armv6k/fpu\libsysbase.a(libsysbase_libsysbase_a-iosupport.o)
                0x00109214                FindDevice
 .text.RemoveDevice
                0x001092dc       0x28 C:/devkitPro/devkitARM/bin/../lib/gcc/arm-none-eabi/14.2.0/../../../../arm-none-eabi/lib/armv6k/fpu\libsysbase.a(libsysbase_libsysbase_a-iosupport.o)
                0x001092dc                RemoveDevice
 .text.AddDevice
                0x00109304       0x98 C:/devkitPro/devkitARM/bin/../lib/gcc/arm-none-eabi/14.2.0/../../../../arm-none-eabi/lib/armv6k/fpu\libsysbase.a(libsysbase_libsysbase_a-iosupport.o)
                0x00109304                AddDevice
 .text.GetDeviceOpTab
                0x0010939c       0x20 C:/devkitPro/devkitARM/bin/../lib/gcc/arm-none-eabi/14.2.0/../../../../arm-none-eabi/lib/armv6k/fpu\libsysbase.a(libsysbase_libsysbase_a-iosupport.o)
                0x0010939c                GetDeviceOpTab
 .text._isatty_r
                0x001093bc        0x8 C:/devkitPro/devkitARM/bin/../lib/gcc/arm-none-eabi/14.2.0/../../../../arm-none-eabi/lib/armv6k/fpu\libsysbase.a(libsysbase_libsysbase_a-isatty.o)
                0x001093bc                _isatty_r
 .text._lseek_r
                0x001093c4       0x8c C:/devkitPro/devkitARM/bin/../lib/gcc/arm-none-eabi/14.2.0/../../../../arm-none-eabi/lib/armv6k/fpu\libsysbase.a(libsysbase_libsysbase_a-lseek.o)
                0x001093c4                _lseek_r
 .text._read_r  0x00109450       0x88 C:/devkitPro/devkitARM/bin/../lib/gcc/arm-none-eabi/14.2.0/../../../../arm-none-eabi/lib/armv6k/fpu\libsysbase.a(libsysbase_libsysbase_a-read.o)
                0x00109450                _read_r
 .text._sbrk_r  0x001094d8       0x78 C:/devkitPro/devkitARM/bin/../lib/gcc/arm-none-eabi/14.2.0/../../../../arm-none-eabi/lib/armv6k/fpu\libsysbase.a(libsysbase_libsysbase_a-sbrk.o)
                0x001094d8                _sbrk_r
 .text.__libc_lock_acquire
                0x00109550       0x1c C:/devkitPro/devkitARM/bin/../lib/gcc/arm-none-eabi/14.2.0/../../../../arm-none-eabi/lib/armv6k/fpu\libsysbase.a(libsysbase_libsysbase_a-syscall_support.o)
                0x00109550                __libc_lock_acquire
 .text.__libc_lock_release
                0x0010956c       0x1c C:/devkitPro/devkitARM/bin/../lib/gcc/arm-none-eabi/14.2.0/../../../../arm-none-eabi/lib/armv6k/fpu\libsysbase.a(libsysbase_libsysbase_a-syscall_support.o)
                0x0010956c                __libc_lock_release
 .text.__libc_lock_acquire_recursive
                0x00109588       0x1c C:/devkitPro/devkitARM/bin/../lib/gcc/arm-none-eabi/14.2.0/../../../../arm-none-eabi/lib/armv6k/fpu\libsysbase.a(libsysbase_libsysbase_a-syscall_support.o)
                0x00109588                __libc_lock_acquire_recursive
 .text.__libc_lock_release_recursive
                0x001095a4       0x1c C:/devkitPro/devkitARM/bin/../lib/gcc/arm-none-eabi/14.2.0/../../../../arm-none-eabi/lib/armv6k/fpu\libsysbase.a(libsysbase_libsysbase_a-syscall_support.o)
                0x001095a4                __libc_lock_release_recursive
 .text._write_r
                0x001095c0       0x88 C:/devkitPro/devkitARM/bin/../lib/gcc/arm-none-eabi/14.2.0/../../../../arm-none-eabi/lib/armv6k/fpu\libsysbase.a(libsysbase_libsysbase_a-write.o)
                0x001095c0                _write_r
 .text.strchr   0x00109648      0x130 C:/devkitPro/devkitARM/bin/../lib/gcc/arm-none-eabi/14.2.0/../../../../arm-none-eabi/lib/armv6k/fpu\libg.a(libc_a-strchr.o)
                0x00109648                strchr
 .text.strrchr  0x00109778       0x48 C:/devkitPro/devkitARM/bin/../lib/gcc/arm-none-eabi/14.2.0/../../../../arm-none-eabi/lib/armv6k/fpu\libg.a(libc_a-strrchr.o)
                0x00109778                strrchr
 *(.glue_7)
 .glue_7        0x001097c0        0x0 linker stubs
 *(.glue_7t)
 .glue_7t       0x001097c0        0x0 linker stubs
 *(.stub)
 *(.gnu.warning)
 *(.gnu.linkonce.t*)
                0x001097c0                        . = ALIGN (0x4)
 *(.fini)
 .fini          0x001097c0        0xc C:/devkitPro/devkitARM/bin/../lib/gcc/arm-none-eabi/14.2.0/armv6k/fpu/crti.o
                0x001097c0                _fini
 .fini          0x001097cc        0xc C:/devkitPro/devkitARM/bin/../lib/gcc/arm-none-eabi/14.2.0/armv6k/fpu/crtn.o
                0x001097d8                        . = ALIGN (0x4)

.vfp11_veneer   0x001097d8        0x0
 .vfp11_veneer  0x001097d8        0x0 linker stubs

.v4_bx          0x001097d8        0x0
 .v4_bx         0x001097d8        0x0 linker stubs

.iplt           0x001097d8        0x0
 .iplt          0x001097d8        0x0 C:/devkitPro/devkitARM/bin/../lib/gcc/arm-none-eabi/14.2.0/../../../../arm-none-eabi/lib/armv6k/fpu/3dsx_crt0.o
                0x0010a000                        . = ALIGN (0x1000)

.rodata         0x0010a000      0x2f4
 *(.rodata)
 .rodata        0x0010a000        0xc C:/devkitPro/libctru/lib\libctru.a(archive_dev.o)
 *(.roda)
 *(.rodata.*)
 .rodata.str1.4
                0x0010a00c       0x8a main.o
                                  0x5 (size before relaxing)
 .rodata.__system_initArgv.str1.4
                0x0010a096        0xa C:/devkitPro/libctru/lib\libctru.a(initArgv.o)
 .rodata.archive_utf16path.str1.4
                0x0010a096        0x2 C:/devkitPro/libctru/lib\libctru.a(archive_dev.o)
 .rodata._archiveUnmountDeviceStruct.part.0.str1.4
                0x0010a096        0x2 C:/devkitPro/libctru/lib\libctru.a(archive_dev.o)
 .rodata._archiveMountDevice.str1.4
                0x0010a096        0xc C:/devkitPro/libctru/lib\libctru.a(archive_dev.o)
 .rodata.archiveMountSdmc.str1.4
                0x0010a096        0x5 C:/devkitPro/libctru/lib\libctru.a(archive_dev.o)
 *fill*         0x0010a096        0x2 
 .rodata.error_table
                0x0010a098       0x30 C:/devkitPro/libctru/lib\libctru.a(archive_dev.o)
 .rodata.str1.4
                0x0010a0c8        0x8 C:/devkitPro/libctru/lib\libctru.a(archive_dev.o)
 .rodata.archive_devoptab
                0x0010a0c8       0x80 C:/devkitPro/libctru/lib\libctru.a(archive_dev.o)
 .rodata.srvInit.str1.4
                0x0010a148        0x5 C:/devkitPro/libctru/lib\libctru.a(srv.o)
 .rodata.aptSendCommand.str1.4
                0x0010a148       0x16 C:/devkitPro/libctru/lib\libctru.a(apt.o)
 .rodata.aptEventHandler
                0x0010a148        0xb C:/devkitPro/libctru/lib\libctru.a(apt.o)
 .rodata.aptWaitForWakeUp.isra.0
                0x0010a153       0x11 C:/devkitPro/libctru/lib\libctru.a(apt.o)
 .rodata.s_sleepWakeEvents.4
                0x0010a164        0x8 C:/devkitPro/libctru/lib\libctru.a(apt.o)
 .rodata.fsInit.str1.4
                0x0010a16c        0x8 C:/devkitPro/libctru/lib\libctru.a(fs.o)
 .rodata.hidInit.str1.4
                0x0010a16c       0x15 C:/devkitPro/libctru/lib\libctru.a(hid.o)
 .rodata.irrstInit.str1.4
                0x0010a16c        0x7 C:/devkitPro/libctru/lib\libctru.a(irrst.o)
 .rodata.ptmSysmInit.str1.4
                0x0010a16c        0x9 C:/devkitPro/libctru/lib\libctru.a(ptmsysm.o)
 .rodata._ctype_
                0x0010a16c      0x101 C:/devkitPro/devkitARM/bin/../lib/gcc/arm-none-eabi/14.2.0/../../../../arm-none-eabi/lib/armv6k/fpu\libg.a(libc_a-ctype_.o)
                0x0010a16c                _ctype_
 .rodata._puts_r.str1.4
                0x0010a26d        0x2 C:/devkitPro/devkitARM/bin/../lib/gcc/arm-none-eabi/14.2.0/../../../../arm-none-eabi/lib/armv6k/fpu\libg.a(libc_a-puts.o)
 .rodata.AddDevice.str1.4
                0x0010a26d        0x8 C:/devkitPro/devkitARM/bin/../lib/gcc/arm-none-eabi/14.2.0/../../../../arm-none-eabi/lib/armv6k/fpu\libsysbase.a(libsysbase_libsysbase_a-iosupport.o)
 *fill*         0x0010a26d        0x3 
 .rodata.dotab_stdnull
                0x0010a270       0x80 C:/devkitPro/devkitARM/bin/../lib/gcc/arm-none-eabi/14.2.0/../../../../arm-none-eabi/lib/armv6k/fpu\libsysbase.a(libsysbase_libsysbase_a-iosupport.o)
                0x0010a270                dotab_stdnull
 *all.rodata*(*)
 *(.gnu.linkonce.r*)
                0x0010a2f0                        . = ALIGN (0x4)
                0x0010a2f0                        __tdata_align = .
                0x0010a2f0        0x4 LONG 0x4 ALIGNOF (.tdata)
                0x0010a2f4                        . = ALIGN (0x4)

.eh_frame       0x0010a2f4        0x0
 .eh_frame      0x0010a2f4        0x0 C:/devkitPro/devkitARM/bin/../lib/gcc/arm-none-eabi/14.2.0/armv6k/fpu/crtbegin.o

.rel.dyn        0x0010a2f4        0x0
 .rel.iplt      0x0010a2f4        0x0 C:/devkitPro/devkitARM/bin/../lib/gcc/arm-none-eabi/14.2.0/../../../../arm-none-eabi/lib/armv6k/fpu/3dsx_crt0.o
 .rel.got       0x0010a2f4        0x0 C:/devkitPro/devkitARM/bin/../lib/gcc/arm-none-eabi/14.2.0/../../../../arm-none-eabi/lib/armv6k/fpu/3dsx_crt0.o

.ARM.extab
 *(.ARM.extab* .gnu.linkonce.armextab.*)
                0x0010a2f4                        __exidx_start = .

.ARM.exidx
 *(.ARM.exidx* .gnu.linkonce.armexidx.*)
                0x0010a2f4                        __exidx_end = .
                0x0010b000                        . = ALIGN (0x1000)

.data           0x0010b000     0x1a04
 *(.data)
 *(.data.*)
 .data.__stacksize__
                0x0010b000        0x4 C:/devkitPro/libctru/lib\libctru.a(stack_adjust.o)
                0x0010b000                __stacksize__
 .data.aptChainloadDeliverArgSize
                0x0010b004        0x4 C:/devkitPro/libctru/lib\libctru.a(apt.o)
 .data._impure_ptr
                0x0010b008        0x4 C:/devkitPro/devkitARM/bin/../lib/gcc/arm-none-eabi/14.2.0/../../../../arm-none-eabi/lib/armv6k/fpu\libg.a(libc_a-impure.o)
                0x0010b008                _impure_ptr
 *fill*         0x0010b00c        0x4 
 .data._impure_data
                0x0010b010      0x120 C:/devkitPro/devkitARM/bin/../lib/gcc/arm-none-eabi/14.2.0/../../../../arm-none-eabi/lib/armv6k/fpu\libg.a(libc_a-impure.o)
                0x0010b010                _impure_data
 .data.__sglue  0x0010b130        0xc C:/devkitPro/devkitARM/bin/../lib/gcc/arm-none-eabi/14.2.0/../../../../arm-none-eabi/lib/armv6k/fpu\libg.a(libc_a-findfp.o)
                0x0010b130                __sglue
 .data.__malloc_sbrk_base
                0x0010b13c        0x4 C:/devkitPro/devkitARM/bin/../lib/gcc/arm-none-eabi/14.2.0/../../../../arm-none-eabi/lib/armv6k/fpu\libg.a(libc_a-mallocr.o)
                0x0010b13c                __malloc_sbrk_base
 .data.__malloc_trim_threshold
                0x0010b140        0x4 C:/devkitPro/devkitARM/bin/../lib/gcc/arm-none-eabi/14.2.0/../../../../arm-none-eabi/lib/armv6k/fpu\libg.a(libc_a-mallocr.o)
                0x0010b140                __malloc_trim_threshold
 *fill*         0x0010b144        0x4 
 .data.__malloc_av_
                0x0010b148      0x408 C:/devkitPro/devkitARM/bin/../lib/gcc/arm-none-eabi/14.2.0/../../../../arm-none-eabi/lib/armv6k/fpu\libg.a(libc_a-mallocr.o)
                0x0010b148                __malloc_av_
 .data._current_working_directory
                0x0010b550      0x400 C:/devkitPro/devkitARM/bin/../lib/gcc/arm-none-eabi/14.2.0/../../../../arm-none-eabi/lib/armv6k/fpu\libsysbase.a(libsysbase_libsysbase_a-chdir.o)
 .data.handles  0x0010b950     0x1000 C:/devkitPro/devkitARM/bin/../lib/gcc/arm-none-eabi/14.2.0/../../../../arm-none-eabi/lib/armv6k/fpu\libsysbase.a(libsysbase_libsysbase_a-handle_manager.o)
 .data.__stderr_handle
                0x0010c950        0xc C:/devkitPro/devkitARM/bin/../lib/gcc/arm-none-eabi/14.2.0/../../../../arm-none-eabi/lib/armv6k/fpu\libsysbase.a(libsysbase_libsysbase_a-handle_manager.o)
 .data.__stdout_handle
                0x0010c95c        0xc C:/devkitPro/devkitARM/bin/../lib/gcc/arm-none-eabi/14.2.0/../../../../arm-none-eabi/lib/armv6k/fpu\libsysbase.a(libsysbase_libsysbase_a-handle_manager.o)
 .data.__stdin_handle
                0x0010c968        0xc C:/devkitPro/devkitARM/bin/../lib/gcc/arm-none-eabi/14.2.0/../../../../arm-none-eabi/lib/armv6k/fpu\libsysbase.a(libsysbase_libsysbase_a-handle_manager.o)
 .data.devoptab_list
                0x0010c974       0x8c C:/devkitPro/devkitARM/bin/../lib/gcc/arm-none-eabi/14.2.0/../../../../arm-none-eabi/lib/armv6k/fpu\libsysbase.a(libsysbase_libsysbase_a-iosupport.o)
                0x0010c974                devoptab_list
 .data.defaultDevice
                0x0010ca00        0x4 C:/devkitPro/devkitARM/bin/../lib/gcc/arm-none-eabi/14.2.0/../../../../arm-none-eabi/lib/armv6k/fpu\libsysbase.a(libsysbase_libsysbase_a-iosupport.o)
 *(.gnu.linkonce.d*)
                0x0010ca04                        . = ALIGN (0x4)

.igot.plt       0x0010ca04        0x0
 .igot.plt      0x0010ca04        0x0 C:/devkitPro/devkitARM/bin/../lib/gcc/arm-none-eabi/14.2.0/../../../../arm-none-eabi/lib/armv6k/fpu/3dsx_crt0.o

.got            0x0010ca04        0x8
 .got           0x0010ca04        0x8 C:/devkitPro/devkitARM/bin/../lib/gcc/arm-none-eabi/14.2.0/../../../../arm-none-eabi/lib/armv6k/fpu/3dsx_crt0.o

.got.plt        0x0010ca0c        0xc
 .got.plt       0x0010ca0c        0xc C:/devkitPro/devkitARM/bin/../lib/gcc/arm-none-eabi/14.2.0/../../../../arm-none-eabi/lib/armv6k/fpu/3dsx_crt0.o
                0x0010ca0c                _GLOBAL_OFFSET_TABLE_

.tdata          0x0010ca18        0x0
                0x0010ca18                        __tdata_lma = .
 *(.tdata)
 *(.tdata.*)
 *(.gnu.linkonce.td.*)
                0x0010ca18                        . = ALIGN (0x4)
                0x0010ca18                        __tdata_lma_end = .

.tbss           0x0010ca18      0xc08
 *(.tbss)
 *(.tbss.*)
 .tbss.__ctru_dev_utf16_buf
                0x0010ca18      0x802 C:/devkitPro/libctru/lib\libctru.a(path_buf.o)
                0x0010ca18                __ctru_dev_utf16_buf
 *fill*         0x0010d21a        0x2 
 .tbss.__ctru_dev_path_buf
                0x0010d21c      0x401 C:/devkitPro/libctru/lib\libctru.a(path_buf.o)
                0x0010d21c                __ctru_dev_path_buf
 *(.gnu.linkonce.tb.*)
 *(.tcommon)
                0x0010d620                        . = ALIGN (0x4)
 *fill*         0x0010d61d        0x3 

.preinit_array  0x0010ca18        0x0
                0x0010ca18                        PROVIDE (__preinit_array_start = .)
 *(.preinit_array)
                0x0010ca18                        PROVIDE (__preinit_array_end = .)

.init_array     0x0010ca18        0x4
                0x0010ca18                        PROVIDE (__init_array_start = .)
 *(SORT_BY_NAME(.init_array.*))
 *(.init_array)
 .init_array    0x0010ca18        0x4 C:/devkitPro/devkitARM/bin/../lib/gcc/arm-none-eabi/14.2.0/armv6k/fpu/crtbegin.o
                0x0010ca1c                        PROVIDE (__init_array_end = .)

.fini_array     0x0010ca1c        0x4
                0x0010ca1c                        PROVIDE (__fini_array_start = .)
 *(.fini_array)
 .fini_array    0x0010ca1c        0x4 C:/devkitPro/devkitARM/bin/../lib/gcc/arm-none-eabi/14.2.0/armv6k/fpu/crtbegin.o
 *(SORT_BY_NAME(.fini_array.*))
                0x0010ca20                        PROVIDE (__fini_array_end = .)

.ctors
 *crtbegin.o(.ctors)
 *(EXCLUDE_FILE(*crtend.o) .ctors)
 *(SORT_BY_NAME(.ctors.*))
 *(.ctors)

.dtors
 *crtbegin.o(.dtors)
 *(EXCLUDE_FILE(*crtend.o) .dtors)
 *(SORT_BY_NAME(.dtors.*))
 *(.dtors)
                0x0010ca20                        __bss_start__ = .

.bss            0x0010ca20     0x2c64
 *(.dynbss)
 *(.bss)
 *(.bss.*)
 .bss.completed.1
                0x0010ca20        0x1 C:/devkitPro/devkitARM/bin/../lib/gcc/arm-none-eabi/14.2.0/armv6k/fpu/crtbegin.o
 *fill*         0x0010ca21        0x3 
 .bss.object.0  0x0010ca24       0x18 C:/devkitPro/devkitARM/bin/../lib/gcc/arm-none-eabi/14.2.0/armv6k/fpu/crtbegin.o
 .bss.__system_argv
                0x0010ca3c        0x4 C:/devkitPro/libctru/lib\libctru.a(initArgv.o)
                0x0010ca3c                __system_argv
 .bss.__system_argc
                0x0010ca40        0x4 C:/devkitPro/libctru/lib\libctru.a(initArgv.o)
                0x0010ca40                __system_argc
 .bss.saved_stack.42
                0x0010ca44        0x8 C:/devkitPro/libctru/lib\libctru.a(stack_adjust.o)
 .bss.__3dslink_host
                0x0010ca4c        0x4 C:/devkitPro/libctru/lib\libctru.a(3dslink.o)
                0x0010ca4c                __3dslink_host
 .bss.__system_retAddr
                0x0010ca50        0x4 C:/devkitPro/libctru/lib\libctru.a(ctru_init.o)
                0x0010ca50                __system_retAddr
 *fill*         0x0010ca54        0x4 
 .bss.archive_devices
                0x0010ca58      0x5c0 C:/devkitPro/libctru/lib\libctru.a(archive_dev.o)
 .bss.archive_device_cwd
                0x0010d018        0x4 C:/devkitPro/libctru/lib\libctru.a(archive_dev.o)
 .bss.archive_initialized
                0x0010d01c        0x1 C:/devkitPro/libctru/lib\libctru.a(archive_dev.o)
 .bss.__ctru_speedup
                0x0010d01d        0x1 C:/devkitPro/libctru/lib\libctru.a(os.o)
                0x0010d01d                __ctru_speedup
 *fill*         0x0010d01e        0x2 
 .bss.srvRefCount
                0x0010d020        0x4 C:/devkitPro/libctru/lib\libctru.a(srv.o)
 .bss.srvHandle
                0x0010d024        0x4 C:/devkitPro/libctru/lib\libctru.a(srv.o)
 .bss.arbiter   0x0010d028        0x4 C:/devkitPro/libctru/lib\libctru.a(synchronization.o)
 .bss.flagValue.0
                0x0010d02c        0x1 C:/devkitPro/libctru/lib\libctru.a(apt.o)
 .bss.flagInit.1
                0x0010d02d        0x1 C:/devkitPro/libctru/lib\libctru.a(apt.o)
 *fill*         0x0010d02e        0x2 
 .bss.serviceName.6
                0x0010d030        0x4 C:/devkitPro/libctru/lib\libctru.a(apt.o)
 .bss.aptChainloadFlags
                0x0010d034        0x1 C:/devkitPro/libctru/lib\libctru.a(apt.o)
 .bss.aptChainloadMediatype
                0x0010d035        0x1 C:/devkitPro/libctru/lib\libctru.a(apt.o)
 *fill*         0x0010d036        0x2 
 .bss.aptChainloadHmac
                0x0010d038       0x20 C:/devkitPro/libctru/lib\libctru.a(apt.o)
 .bss.aptChainloadDeliverArg
                0x0010d058      0x300 C:/devkitPro/libctru/lib\libctru.a(apt.o)
 .bss.aptChainloadTid
                0x0010d358        0x8 C:/devkitPro/libctru/lib\libctru.a(apt.o)
 .bss.aptParameters
                0x0010d360     0x1000 C:/devkitPro/libctru/lib\libctru.a(apt.o)
 .bss.aptFlags  0x0010e360        0x4 C:/devkitPro/libctru/lib\libctru.a(apt.o)
 .bss.aptHomeButtonState
                0x0010e364        0x1 C:/devkitPro/libctru/lib\libctru.a(apt.o)
 *fill*         0x0010e365        0x3 
 .bss.aptMessageFuncData
                0x0010e368        0x4 C:/devkitPro/libctru/lib\libctru.a(apt.o)
 .bss.aptMessageFunc
                0x0010e36c        0x4 C:/devkitPro/libctru/lib\libctru.a(apt.o)
 .bss.aptFirstHook
                0x0010e370        0xc C:/devkitPro/libctru/lib\libctru.a(apt.o)
 .bss.aptEventHandlerThreadQuit
                0x0010e37c        0x1 C:/devkitPro/libctru/lib\libctru.a(apt.o)
 *fill*         0x0010e37d        0x3 
 .bss.aptEventHandlerThread
                0x0010e380        0x4 C:/devkitPro/libctru/lib\libctru.a(apt.o)
 .bss.aptSleepEvent
                0x0010e384        0x8 C:/devkitPro/libctru/lib\libctru.a(apt.o)
 .bss.aptReceiveEvent
                0x0010e38c        0x8 C:/devkitPro/libctru/lib\libctru.a(apt.o)
 .bss.aptEvents
                0x0010e394        0x8 C:/devkitPro/libctru/lib\libctru.a(apt.o)
 .bss.aptLockHandle
                0x0010e39c        0x4 C:/devkitPro/libctru/lib\libctru.a(apt.o)
 .bss.aptRefCount
                0x0010e3a0        0x4 C:/devkitPro/libctru/lib\libctru.a(apt.o)
 *fill*         0x0010e3a4        0x4 
 .bss.fsExemptArchives
                0x0010e3a8       0x80 C:/devkitPro/libctru/lib\libctru.a(fs.o)
 .bss.fsuRefCount
                0x0010e428        0x4 C:/devkitPro/libctru/lib\libctru.a(fs.o)
 .bss.fsuHandle
                0x0010e42c        0x4 C:/devkitPro/libctru/lib\libctru.a(fs.o)
 .bss.gspGpuRight
                0x0010e430        0x1 C:/devkitPro/libctru/lib\libctru.a(gspgpu.o)
 *fill*         0x0010e431        0x3 
 .bss.gspGpuHandle
                0x0010e434        0x4 C:/devkitPro/libctru/lib\libctru.a(gspgpu.o)
 .bss.usingIrrst
                0x0010e438        0x1 C:/devkitPro/libctru/lib\libctru.a(hid.o)
 *fill*         0x0010e439        0x3 
 .bss.hidRefCount
                0x0010e43c        0x4 C:/devkitPro/libctru/lib\libctru.a(hid.o)
 .bss.kUp       0x0010e440        0x4 C:/devkitPro/libctru/lib\libctru.a(hid.o)
 .bss.kDown     0x0010e444        0x4 C:/devkitPro/libctru/lib\libctru.a(hid.o)
 .bss.kHeld     0x0010e448        0x4 C:/devkitPro/libctru/lib\libctru.a(hid.o)
 .bss.kOld      0x0010e44c        0x4 C:/devkitPro/libctru/lib\libctru.a(hid.o)
 .bss.hidSharedMem
                0x0010e450        0x4 C:/devkitPro/libctru/lib\libctru.a(hid.o)
                0x0010e450                hidSharedMem
 .bss.hidEvents
                0x0010e454       0x14 C:/devkitPro/libctru/lib\libctru.a(hid.o)
                0x0010e454                hidEvents
 .bss.hidMemHandle
                0x0010e468        0x4 C:/devkitPro/libctru/lib\libctru.a(hid.o)
                0x0010e468                hidMemHandle
 .bss.hidHandle
                0x0010e46c        0x4 C:/devkitPro/libctru/lib\libctru.a(hid.o)
                0x0010e46c                hidHandle
 .bss.irrstRefCount
                0x0010e470        0x4 C:/devkitPro/libctru/lib\libctru.a(irrst.o)
 .bss.kHeld     0x0010e474        0x4 C:/devkitPro/libctru/lib\libctru.a(irrst.o)
 .bss.irrstSharedMem
                0x0010e478        0x4 C:/devkitPro/libctru/lib\libctru.a(irrst.o)
                0x0010e478                irrstSharedMem
 .bss.irrstEvent
                0x0010e47c        0x4 C:/devkitPro/libctru/lib\libctru.a(irrst.o)
                0x0010e47c                irrstEvent
 .bss.irrstMemHandle
                0x0010e480        0x4 C:/devkitPro/libctru/lib\libctru.a(irrst.o)
                0x0010e480                irrstMemHandle
 .bss.irrstHandle
                0x0010e484        0x4 C:/devkitPro/libctru/lib\libctru.a(irrst.o)
                0x0010e484                irrstHandle
 .bss.ptmSysmRefCount
                0x0010e488        0x4 C:/devkitPro/libctru/lib\libctru.a(ptmsysm.o)
 .bss.ptmSysmHandle
                0x0010e48c        0x4 C:/devkitPro/libctru/lib\libctru.a(ptmsysm.o)
 .bss.srvPmHandle
                0x0010e490        0x4 C:/devkitPro/libctru/lib\libctru.a(srvpm.o)
 .bss.__ctru_linear_heap_size
                0x0010e494        0x4 C:/devkitPro/libctru/lib\libctru.a(allocateHeaps.o)
                0x0010e494                __ctru_linear_heap_size
 .bss.__ctru_heap_size
                0x0010e498        0x4 C:/devkitPro/libctru/lib\libctru.a(allocateHeaps.o)
                0x0010e498                __ctru_heap_size
 .bss.__ctru_linear_heap
                0x0010e49c        0x4 C:/devkitPro/libctru/lib\libctru.a(allocateHeaps.o)
                0x0010e49c                __ctru_linear_heap
 .bss.__ctru_heap
                0x0010e4a0        0x4 C:/devkitPro/libctru/lib\libctru.a(allocateHeaps.o)
                0x0010e4a0                __ctru_heap
 .bss.currentAddr
                0x0010e4a4        0x4 C:/devkitPro/libctru/lib\libctru.a(mappable.o)
 .bss.maxAddr   0x0010e4a8        0x4 C:/devkitPro/libctru/lib\libctru.a(mappable.o)
 .bss.minAddr   0x0010e4ac        0x4 C:/devkitPro/libctru/lib\libctru.a(mappable.o)
 .bss.__sfp_recursive_mutex
                0x0010e4b0        0xc C:/devkitPro/devkitARM/bin/../lib/gcc/arm-none-eabi/14.2.0/../../../../arm-none-eabi/lib/armv6k/fpu\libg.a(libc_a-findfp.o)
 *fill*         0x0010e4bc        0x4 
 .bss.__sf      0x0010e4c0      0x168 C:/devkitPro/devkitARM/bin/../lib/gcc/arm-none-eabi/14.2.0/../../../../arm-none-eabi/lib/armv6k/fpu\libg.a(libc_a-findfp.o)
                0x0010e4c0                __sf
 .bss.__stdio_exit_handler
                0x0010e628        0x4 C:/devkitPro/devkitARM/bin/../lib/gcc/arm-none-eabi/14.2.0/../../../../arm-none-eabi/lib/armv6k/fpu\libg.a(libc_a-findfp.o)
                0x0010e628                __stdio_exit_handler
 .bss.__malloc_current_mallinfo
                0x0010e62c       0x28 C:/devkitPro/devkitARM/bin/../lib/gcc/arm-none-eabi/14.2.0/../../../../arm-none-eabi/lib/armv6k/fpu\libg.a(libc_a-mallocr.o)
                0x0010e62c                __malloc_current_mallinfo
 .bss.__malloc_max_total_mem
                0x0010e654        0x4 C:/devkitPro/devkitARM/bin/../lib/gcc/arm-none-eabi/14.2.0/../../../../arm-none-eabi/lib/armv6k/fpu\libg.a(libc_a-mallocr.o)
                0x0010e654                __malloc_max_total_mem
 .bss.__malloc_max_sbrked_mem
                0x0010e658        0x4 C:/devkitPro/devkitARM/bin/../lib/gcc/arm-none-eabi/14.2.0/../../../../arm-none-eabi/lib/armv6k/fpu\libg.a(libc_a-mallocr.o)
                0x0010e658                __malloc_max_sbrked_mem
 .bss.__malloc_top_pad
                0x0010e65c        0x4 C:/devkitPro/devkitARM/bin/../lib/gcc/arm-none-eabi/14.2.0/../../../../arm-none-eabi/lib/armv6k/fpu\libg.a(libc_a-mallocr.o)
                0x0010e65c                __malloc_top_pad
 .bss.__malloc_recursive_mutex
                0x0010e660        0xc C:/devkitPro/devkitARM/bin/../lib/gcc/arm-none-eabi/14.2.0/../../../../arm-none-eabi/lib/armv6k/fpu\libg.a(libc_a-mlock.o)
 .bss.temp_cwd  0x0010e66c      0x400 C:/devkitPro/devkitARM/bin/../lib/gcc/arm-none-eabi/14.2.0/../../../../arm-none-eabi/lib/armv6k/fpu\libsysbase.a(libsysbase_libsysbase_a-chdir.o)
 .bss.__hndl_lock
                0x0010ea6c        0x4 C:/devkitPro/devkitARM/bin/../lib/gcc/arm-none-eabi/14.2.0/../../../../arm-none-eabi/lib/armv6k/fpu\libsysbase.a(libsysbase_libsysbase_a-handle_manager.o)
 .bss.fake_heap_start
                0x0010ea70        0x4 C:/devkitPro/devkitARM/bin/../lib/gcc/arm-none-eabi/14.2.0/../../../../arm-none-eabi/lib/armv6k/fpu\libsysbase.a(libsysbase_libsysbase_a-malloc_vars.o)
                0x0010ea70                fake_heap_start
 .bss.fake_heap_end
                0x0010ea74        0x4 C:/devkitPro/devkitARM/bin/../lib/gcc/arm-none-eabi/14.2.0/../../../../arm-none-eabi/lib/armv6k/fpu\libsysbase.a(libsysbase_libsysbase_a-malloc_vars.o)
                0x0010ea74                fake_heap_end
 .bss.heap_start.0
                0x0010ea78        0x4 C:/devkitPro/devkitARM/bin/../lib/gcc/arm-none-eabi/14.2.0/../../../../arm-none-eabi/lib/armv6k/fpu\libsysbase.a(libsysbase_libsysbase_a-sbrk.o)
 *(.gnu.linkonce.b*)
 *(COMMON)
                0x0010ea7c                        . = (0x8 + ABSOLUTE (ALIGN (ABSOLUTE ((. - 0x8)), MAX (ALIGNOF (.tdata), ALIGNOF (.tbss)))))
                0x0010ea7c                        __tls_start = .
                0x0010ea7c                        . = (. + SIZEOF (.tdata))
                0x0010ea7c                        . = ALIGN (ALIGNOF (.tbss))
                0x0010f684                        . = (. + SIZEOF (.tbss))
 *fill*         0x0010ea7c      0xc08 
                0x0010f684                        __tls_end = .
                0x0010f684                        __bss_end__ = .
                0x0010f684                        __end__ = ABSOLUTE (.)

/DISCARD/
 *(.group .comment .note)

.stab
 *(.stab)

.stabstr
 *(.stabstr)

.stab.excl
 *(.stab.excl)

.stab.exclstr
 *(.stab.exclstr)

.stab.index
 *(.stab.index)

.stab.indexstr
 *(.stab.indexstr)

.debug
 *(.debug)

.line
 *(.line)

.debug_srcinfo
 *(.debug_srcinfo)

.debug_sfnames
 *(.debug_sfnames)

.debug_aranges  0x00000000     0x1388
 *(.debug_aranges)
 .debug_aranges
                0x00000000       0x20 main.o
 .debug_aranges
                0x00000020       0x20 C:/devkitPro/libctru/lib\libctru.a(initArgv.o)
 .debug_aranges
                0x00000040       0x28 C:/devkitPro/libctru/lib\libctru.a(stack_adjust.o)
 .debug_aranges
                0x00000068       0x20 C:/devkitPro/libctru/lib\libctru.a(3dslink.o)
 .debug_aranges
                0x00000088       0x20 C:/devkitPro/libctru/lib\libctru.a(appExit.o)
 .debug_aranges
                0x000000a8       0x20 C:/devkitPro/libctru/lib\libctru.a(appInit.o)
 .debug_aranges
                0x000000c8       0x20 C:/devkitPro/libctru/lib\libctru.a(ctru_exit.o)
 .debug_aranges
                0x000000e8       0x20 C:/devkitPro/libctru/lib\libctru.a(ctru_init.o)
 .debug_aranges
                0x00000108       0xe0 C:/devkitPro/libctru/lib\libctru.a(syscalls.o)
 .debug_aranges
                0x000001e8      0x330 C:/devkitPro/libctru/lib\libctru.a(svc.o)
 .debug_aranges
                0x00000518      0x140 C:/devkitPro/libctru/lib\libctru.a(archive_dev.o)
 .debug_aranges
                0x00000658       0x28 C:/devkitPro/libctru/lib\libctru.a(env.o)
 .debug_aranges
                0x00000680       0x58 C:/devkitPro/libctru/lib\libctru.a(os.o)
 .debug_aranges
                0x000006d8       0x18 C:/devkitPro/libctru/lib\libctru.a(path_buf.o)
 .debug_aranges
                0x000006f0       0xc0 C:/devkitPro/libctru/lib\libctru.a(srv.o)
 .debug_aranges
                0x000007b0       0xf0 C:/devkitPro/libctru/lib\libctru.a(synchronization.o)
 .debug_aranges
                0x000008a0       0x60 C:/devkitPro/libctru/lib\libctru.a(thread.o)
 .debug_aranges
                0x00000900      0x268 C:/devkitPro/libctru/lib\libctru.a(apt.o)
 .debug_aranges
                0x00000b68      0x3b8 C:/devkitPro/libctru/lib\libctru.a(fs.o)
 .debug_aranges
                0x00000f20      0x108 C:/devkitPro/libctru/lib\libctru.a(gspgpu.o)
 .debug_aranges
                0x00001028       0xd0 C:/devkitPro/libctru/lib\libctru.a(hid.o)
 .debug_aranges
                0x000010f8       0x68 C:/devkitPro/libctru/lib\libctru.a(irrst.o)
 .debug_aranges
                0x00001160       0xa0 C:/devkitPro/libctru/lib\libctru.a(ptmsysm.o)
 .debug_aranges
                0x00001200       0x50 C:/devkitPro/libctru/lib\libctru.a(srvpm.o)
 .debug_aranges
                0x00001250       0x20 C:/devkitPro/libctru/lib\libctru.a(decode_utf8.o)
 .debug_aranges
                0x00001270       0x20 C:/devkitPro/libctru/lib\libctru.a(utf16_to_utf8.o)
 .debug_aranges
                0x00001290       0x20 C:/devkitPro/libctru/lib\libctru.a(utf8_to_utf16.o)
 .debug_aranges
                0x000012b0       0x20 C:/devkitPro/libctru/lib\libctru.a(allocateHeaps.o)
 .debug_aranges
                0x000012d0       0x20 C:/devkitPro/libctru/lib\libctru.a(readtp.o)
 .debug_aranges
                0x000012f0       0x38 C:/devkitPro/libctru/lib\libctru.a(mappable.o)
 .debug_aranges
                0x00001328       0x20 C:/devkitPro/libctru/lib\libctru.a(decode_utf16.o)
 .debug_aranges
                0x00001348       0x20 C:/devkitPro/libctru/lib\libctru.a(encode_utf16.o)
 .debug_aranges
                0x00001368       0x20 C:/devkitPro/libctru/lib\libctru.a(encode_utf8.o)

.debug_pubnames
 *(.debug_pubnames)

.debug_info     0x00000000    0x26f59
 *(.debug_info)
 .debug_info    0x00000000     0x1cec main.o
 .debug_info    0x00001cec      0x2bc C:/devkitPro/libctru/lib\libctru.a(initArgv.o)
 .debug_info    0x00001fa8       0x23 C:/devkitPro/libctru/lib\libctru.a(stack_adjust.o)
 .debug_info    0x00001fcb      0xa42 C:/devkitPro/libctru/lib\libctru.a(3dslink.o)
 .debug_info    0x00002a0d      0x13d C:/devkitPro/libctru/lib\libctru.a(appExit.o)
 .debug_info    0x00002b4a      0x148 C:/devkitPro/libctru/lib\libctru.a(appInit.o)
 .debug_info    0x00002c92      0x2b7 C:/devkitPro/libctru/lib\libctru.a(ctru_exit.o)
 .debug_info    0x00002f49      0x185 C:/devkitPro/libctru/lib\libctru.a(ctru_init.o)
 .debug_info    0x000030ce     0x1765 C:/devkitPro/libctru/lib\libctru.a(syscalls.o)
 .debug_info    0x00004833       0x23 C:/devkitPro/libctru/lib\libctru.a(svc.o)
 .debug_info    0x00004856     0x4272 C:/devkitPro/libctru/lib\libctru.a(archive_dev.o)
 .debug_info    0x00008ac8      0x2a9 C:/devkitPro/libctru/lib\libctru.a(env.o)
 .debug_info    0x00008d71      0x6cc C:/devkitPro/libctru/lib\libctru.a(os.o)
 .debug_info    0x0000943d       0xd7 C:/devkitPro/libctru/lib\libctru.a(path_buf.o)
 .debug_info    0x00009514     0x1af2 C:/devkitPro/libctru/lib\libctru.a(srv.o)
 .debug_info    0x0000b006     0x2956 C:/devkitPro/libctru/lib\libctru.a(synchronization.o)
 .debug_info    0x0000d95c     0x1152 C:/devkitPro/libctru/lib\libctru.a(thread.o)
 .debug_info    0x0000eaae     0x55ab C:/devkitPro/libctru/lib\libctru.a(apt.o)
 .debug_info    0x00014059     0x8f48 C:/devkitPro/libctru/lib\libctru.a(fs.o)
 .debug_info    0x0001cfa1     0x5bfc C:/devkitPro/libctru/lib\libctru.a(gspgpu.o)
 .debug_info    0x00022b9d     0x13d9 C:/devkitPro/libctru/lib\libctru.a(hid.o)
 .debug_info    0x00023f76      0xafc C:/devkitPro/libctru/lib\libctru.a(irrst.o)
 .debug_info    0x00024a72      0xb13 C:/devkitPro/libctru/lib\libctru.a(ptmsysm.o)
 .debug_info    0x00025585      0x872 C:/devkitPro/libctru/lib\libctru.a(srvpm.o)
 .debug_info    0x00025df7      0x158 C:/devkitPro/libctru/lib\libctru.a(decode_utf8.o)
 .debug_info    0x00025f4f      0x205 C:/devkitPro/libctru/lib\libctru.a(utf16_to_utf8.o)
 .debug_info    0x00026154      0x205 C:/devkitPro/libctru/lib\libctru.a(utf8_to_utf16.o)
 .debug_info    0x00026359      0x529 C:/devkitPro/libctru/lib\libctru.a(allocateHeaps.o)
 .debug_info    0x00026882       0x24 C:/devkitPro/libctru/lib\libctru.a(readtp.o)
 .debug_info    0x000268a6      0x36d C:/devkitPro/libctru/lib\libctru.a(mappable.o)
 .debug_info    0x00026c13      0x134 C:/devkitPro/libctru/lib\libctru.a(decode_utf16.o)
 .debug_info    0x00026d47      0x109 C:/devkitPro/libctru/lib\libctru.a(encode_utf16.o)
 .debug_info    0x00026e50      0x109 C:/devkitPro/libctru/lib\libctru.a(encode_utf8.o)

.debug_abbrev   0x00000000     0x5343
 *(.debug_abbrev)
 .debug_abbrev  0x00000000      0x367 main.o
 .debug_abbrev  0x00000367      0x198 C:/devkitPro/libctru/lib\libctru.a(initArgv.o)
 .debug_abbrev  0x000004ff       0x12 C:/devkitPro/libctru/lib\libctru.a(stack_adjust.o)
 .debug_abbrev  0x00000511      0x259 C:/devkitPro/libctru/lib\libctru.a(3dslink.o)
 .debug_abbrev  0x0000076a       0x9e C:/devkitPro/libctru/lib\libctru.a(appExit.o)
 .debug_abbrev  0x00000808       0x93 C:/devkitPro/libctru/lib\libctru.a(appInit.o)
 .debug_abbrev  0x0000089b      0x15a C:/devkitPro/libctru/lib\libctru.a(ctru_exit.o)
 .debug_abbrev  0x000009f5      0x129 C:/devkitPro/libctru/lib\libctru.a(ctru_init.o)
 .debug_abbrev  0x00000b1e      0x4f5 C:/devkitPro/libctru/lib\libctru.a(syscalls.o)
 .debug_abbrev  0x00001013       0x12 C:/devkitPro/libctru/lib\libctru.a(svc.o)
 .debug_abbrev  0x00001025      0x656 C:/devkitPro/libctru/lib\libctru.a(archive_dev.o)
 .debug_abbrev  0x0000167b      0x1bf C:/devkitPro/libctru/lib\libctru.a(env.o)
 .debug_abbrev  0x0000183a      0x2b2 C:/devkitPro/libctru/lib\libctru.a(os.o)
 .debug_abbrev  0x00001aec       0x6f C:/devkitPro/libctru/lib\libctru.a(path_buf.o)
 .debug_abbrev  0x00001b5b      0x514 C:/devkitPro/libctru/lib\libctru.a(srv.o)
 .debug_abbrev  0x0000206f      0x4f2 C:/devkitPro/libctru/lib\libctru.a(synchronization.o)
 .debug_abbrev  0x00002561      0x495 C:/devkitPro/libctru/lib\libctru.a(thread.o)
 .debug_abbrev  0x000029f6      0x763 C:/devkitPro/libctru/lib\libctru.a(apt.o)
 .debug_abbrev  0x00003159      0x625 C:/devkitPro/libctru/lib\libctru.a(fs.o)
 .debug_abbrev  0x0000377e      0x640 C:/devkitPro/libctru/lib\libctru.a(gspgpu.o)
 .debug_abbrev  0x00003dbe      0x516 C:/devkitPro/libctru/lib\libctru.a(hid.o)
 .debug_abbrev  0x000042d4      0x38b C:/devkitPro/libctru/lib\libctru.a(irrst.o)
 .debug_abbrev  0x0000465f      0x263 C:/devkitPro/libctru/lib\libctru.a(ptmsysm.o)
 .debug_abbrev  0x000048c2      0x2f1 C:/devkitPro/libctru/lib\libctru.a(srvpm.o)
 .debug_abbrev  0x00004bb3       0x93 C:/devkitPro/libctru/lib\libctru.a(decode_utf8.o)
 .debug_abbrev  0x00004c46      0x104 C:/devkitPro/libctru/lib\libctru.a(utf16_to_utf8.o)
 .debug_abbrev  0x00004d4a      0x104 C:/devkitPro/libctru/lib\libctru.a(utf8_to_utf16.o)
 .debug_abbrev  0x00004e4e      0x193 C:/devkitPro/libctru/lib\libctru.a(allocateHeaps.o)
 .debug_abbrev  0x00004fe1       0x14 C:/devkitPro/libctru/lib\libctru.a(readtp.o)
 .debug_abbrev  0x00004ff5      0x1d3 C:/devkitPro/libctru/lib\libctru.a(mappable.o)
 .debug_abbrev  0x000051c8       0x93 C:/devkitPro/libctru/lib\libctru.a(decode_utf16.o)
 .debug_abbrev  0x0000525b       0x74 C:/devkitPro/libctru/lib\libctru.a(encode_utf16.o)
 .debug_abbrev  0x000052cf       0x74 C:/devkitPro/libctru/lib\libctru.a(encode_utf8.o)

.debug_line     0x00000000    0x18f4e
 *(.debug_line)
 .debug_line    0x00000000      0x3f0 main.o
 .debug_line    0x000003f0      0x42a C:/devkitPro/libctru/lib\libctru.a(initArgv.o)
 .debug_line    0x0000081a       0x6f C:/devkitPro/libctru/lib\libctru.a(stack_adjust.o)
 .debug_line    0x00000889      0x43e C:/devkitPro/libctru/lib\libctru.a(3dslink.o)
 .debug_line    0x00000cc7      0x246 C:/devkitPro/libctru/lib\libctru.a(appExit.o)
 .debug_line    0x00000f0d      0x243 C:/devkitPro/libctru/lib\libctru.a(appInit.o)
 .debug_line    0x00001150      0x1c9 C:/devkitPro/libctru/lib\libctru.a(ctru_exit.o)
 .debug_line    0x00001319      0x1d4 C:/devkitPro/libctru/lib\libctru.a(ctru_init.o)
 .debug_line    0x000014ed      0x98f C:/devkitPro/libctru/lib\libctru.a(syscalls.o)
 .debug_line    0x00001e7c      0x78f C:/devkitPro/libctru/lib\libctru.a(svc.o)
 .debug_line    0x0000260b     0x1d3a C:/devkitPro/libctru/lib\libctru.a(archive_dev.o)
 .debug_line    0x00004345      0x271 C:/devkitPro/libctru/lib\libctru.a(env.o)
 .debug_line    0x000045b6      0x4af C:/devkitPro/libctru/lib\libctru.a(os.o)
 .debug_line    0x00004a65      0x11c C:/devkitPro/libctru/lib\libctru.a(path_buf.o)
 .debug_line    0x00004b81      0xff2 C:/devkitPro/libctru/lib\libctru.a(srv.o)
 .debug_line    0x00005b73     0x170c C:/devkitPro/libctru/lib\libctru.a(synchronization.o)
 .debug_line    0x0000727f      0x6b4 C:/devkitPro/libctru/lib\libctru.a(thread.o)
 .debug_line    0x00007933     0x38a6 C:/devkitPro/libctru/lib\libctru.a(apt.o)
 .debug_line    0x0000b1d9     0x6c12 C:/devkitPro/libctru/lib\libctru.a(fs.o)
 .debug_line    0x00011deb     0x3505 C:/devkitPro/libctru/lib\libctru.a(gspgpu.o)
 .debug_line    0x000152f0      0xf25 C:/devkitPro/libctru/lib\libctru.a(hid.o)
 .debug_line    0x00016215      0x8e5 C:/devkitPro/libctru/lib\libctru.a(irrst.o)
 .debug_line    0x00016afa      0x9b9 C:/devkitPro/libctru/lib\libctru.a(ptmsysm.o)
 .debug_line    0x000174b3      0x6b8 C:/devkitPro/libctru/lib\libctru.a(srvpm.o)
 .debug_line    0x00017b6b      0x280 C:/devkitPro/libctru/lib\libctru.a(decode_utf8.o)
 .debug_line    0x00017deb      0x2d7 C:/devkitPro/libctru/lib\libctru.a(utf16_to_utf8.o)
 .debug_line    0x000180c2      0x2aa C:/devkitPro/libctru/lib\libctru.a(utf8_to_utf16.o)
 .debug_line    0x0001836c      0x359 C:/devkitPro/libctru/lib\libctru.a(allocateHeaps.o)
 .debug_line    0x000186c5       0x49 C:/devkitPro/libctru/lib\libctru.a(readtp.o)
 .debug_line    0x0001870e      0x2ef C:/devkitPro/libctru/lib\libctru.a(mappable.o)
 .debug_line    0x000189fd      0x1a1 C:/devkitPro/libctru/lib\libctru.a(decode_utf16.o)
 .debug_line    0x00018b9e      0x18f C:/devkitPro/libctru/lib\libctru.a(encode_utf16.o)
 .debug_line    0x00018d2d      0x221 C:/devkitPro/libctru/lib\libctru.a(encode_utf8.o)

.debug_frame    0x00000000     0x36e0
 *(.debug_frame)
 .debug_frame   0x00000000       0x28 main.o
 .debug_frame   0x00000028       0x34 C:/devkitPro/libctru/lib\libctru.a(initArgv.o)
 .debug_frame   0x0000005c       0x30 C:/devkitPro/libctru/lib\libctru.a(stack_adjust.o)
 .debug_frame   0x0000008c       0x34 C:/devkitPro/libctru/lib\libctru.a(3dslink.o)
 .debug_frame   0x000000c0       0x2c C:/devkitPro/libctru/lib\libctru.a(appExit.o)
 .debug_frame   0x000000ec       0x28 C:/devkitPro/libctru/lib\libctru.a(appInit.o)
 .debug_frame   0x00000114       0x28 C:/devkitPro/libctru/lib\libctru.a(ctru_exit.o)
 .debug_frame   0x0000013c       0x2c C:/devkitPro/libctru/lib\libctru.a(ctru_init.o)
 .debug_frame   0x00000168      0x224 C:/devkitPro/libctru/lib\libctru.a(syscalls.o)
 .debug_frame   0x0000038c      0x640 C:/devkitPro/libctru/lib\libctru.a(svc.o)
 .debug_frame   0x000009cc      0x52c C:/devkitPro/libctru/lib\libctru.a(archive_dev.o)
 .debug_frame   0x00000ef8       0x4c C:/devkitPro/libctru/lib\libctru.a(env.o)
 .debug_frame   0x00000f44       0xd0 C:/devkitPro/libctru/lib\libctru.a(os.o)
 .debug_frame   0x00001014      0x254 C:/devkitPro/libctru/lib\libctru.a(srv.o)
 .debug_frame   0x00001268      0x2b4 C:/devkitPro/libctru/lib\libctru.a(synchronization.o)
 .debug_frame   0x0000151c       0xf0 C:/devkitPro/libctru/lib\libctru.a(thread.o)
 .debug_frame   0x0000160c      0x924 C:/devkitPro/libctru/lib\libctru.a(apt.o)
 .debug_frame   0x00001f30      0xce4 C:/devkitPro/libctru/lib\libctru.a(fs.o)
 .debug_frame   0x00002c14      0x340 C:/devkitPro/libctru/lib\libctru.a(gspgpu.o)
 .debug_frame   0x00002f54      0x258 C:/devkitPro/libctru/lib\libctru.a(hid.o)
 .debug_frame   0x000031ac      0x104 C:/devkitPro/libctru/lib\libctru.a(irrst.o)
 .debug_frame   0x000032b0      0x1a8 C:/devkitPro/libctru/lib\libctru.a(ptmsysm.o)
 .debug_frame   0x00003458       0xb0 C:/devkitPro/libctru/lib\libctru.a(srvpm.o)
 .debug_frame   0x00003508       0x30 C:/devkitPro/libctru/lib\libctru.a(decode_utf8.o)
 .debug_frame   0x00003538       0x3c C:/devkitPro/libctru/lib\libctru.a(utf16_to_utf8.o)
 .debug_frame   0x00003574       0x3c C:/devkitPro/libctru/lib\libctru.a(utf8_to_utf16.o)
 .debug_frame   0x000035b0       0x38 C:/devkitPro/libctru/lib\libctru.a(allocateHeaps.o)
 .debug_frame   0x000035e8       0x20 C:/devkitPro/libctru/lib\libctru.a(readtp.o)
 .debug_frame   0x00003608       0x70 C:/devkitPro/libctru/lib\libctru.a(mappable.o)
 .debug_frame   0x00003678       0x28 C:/devkitPro/libctru/lib\libctru.a(decode_utf16.o)
 .debug_frame   0x000036a0       0x20 C:/devkitPro/libctru/lib\libctru.a(encode_utf16.o)
 .debug_frame   0x000036c0       0x20 C:/devkitPro/libctru/lib\libctru.a(encode_utf8.o)

.debug_str      0x00000000     0x71ec
 *(.debug_str)
 .debug_str     0x00000000     0x71ec main.o
                                0xbfa (size before relaxing)
 .debug_str     0x000071ec      0x2f6 C:/devkitPro/libctru/lib\libctru.a(initArgv.o)
 .debug_str     0x000071ec       0xd5 C:/devkitPro/libctru/lib\libctru.a(stack_adjust.o)
 .debug_str     0x000071ec      0x687 C:/devkitPro/libctru/lib\libctru.a(3dslink.o)
 .debug_str     0x000071ec      0x269 C:/devkitPro/libctru/lib\libctru.a(appExit.o)
 .debug_str     0x000071ec      0x268 C:/devkitPro/libctru/lib\libctru.a(appInit.o)
 .debug_str     0x000071ec      0x40a C:/devkitPro/libctru/lib\libctru.a(ctru_exit.o)
 .debug_str     0x000071ec      0x2b3 C:/devkitPro/libctru/lib\libctru.a(ctru_init.o)
 .debug_str     0x000071ec      0xc7b C:/devkitPro/libctru/lib\libctru.a(syscalls.o)
 .debug_str     0x000071ec       0xc5 C:/devkitPro/libctru/lib\libctru.a(svc.o)
 .debug_str     0x000071ec     0x1667 C:/devkitPro/libctru/lib\libctru.a(archive_dev.o)
 .debug_str     0x000071ec      0x2a4 C:/devkitPro/libctru/lib\libctru.a(env.o)
 .debug_str     0x000071ec      0x598 C:/devkitPro/libctru/lib\libctru.a(os.o)
 .debug_str     0x000071ec      0x22d C:/devkitPro/libctru/lib\libctru.a(path_buf.o)
 .debug_str     0x000071ec      0xad7 C:/devkitPro/libctru/lib\libctru.a(srv.o)
 .debug_str     0x000071ec      0x983 C:/devkitPro/libctru/lib\libctru.a(synchronization.o)
 .debug_str     0x000071ec      0x8b8 C:/devkitPro/libctru/lib\libctru.a(thread.o)
 .debug_str     0x000071ec     0x1b8e C:/devkitPro/libctru/lib\libctru.a(apt.o)
 .debug_str     0x000071ec     0x1d13 C:/devkitPro/libctru/lib\libctru.a(fs.o)
 .debug_str     0x000071ec      0xc6b C:/devkitPro/libctru/lib\libctru.a(gspgpu.o)
 .debug_str     0x000071ec      0x93c C:/devkitPro/libctru/lib\libctru.a(hid.o)
 .debug_str     0x000071ec      0x595 C:/devkitPro/libctru/lib\libctru.a(irrst.o)
 .debug_str     0x000071ec      0x587 C:/devkitPro/libctru/lib\libctru.a(ptmsysm.o)
 .debug_str     0x000071ec      0x580 C:/devkitPro/libctru/lib\libctru.a(srvpm.o)
 .debug_str     0x000071ec      0x257 C:/devkitPro/libctru/lib\libctru.a(decode_utf8.o)
 .debug_str     0x000071ec      0x297 C:/devkitPro/libctru/lib\libctru.a(utf16_to_utf8.o)
 .debug_str     0x000071ec      0x297 C:/devkitPro/libctru/lib\libctru.a(utf8_to_utf16.o)
 .debug_str     0x000071ec      0x5f4 C:/devkitPro/libctru/lib\libctru.a(allocateHeaps.o)
 .debug_str     0x000071ec       0xcf C:/devkitPro/libctru/lib\libctru.a(readtp.o)
 .debug_str     0x000071ec      0x3c2 C:/devkitPro/libctru/lib\libctru.a(mappable.o)
 .debug_str     0x000071ec      0x24f C:/devkitPro/libctru/lib\libctru.a(decode_utf16.o)
 .debug_str     0x000071ec      0x243 C:/devkitPro/libctru/lib\libctru.a(encode_utf16.o)
 .debug_str     0x000071ec      0x23f C:/devkitPro/libctru/lib\libctru.a(encode_utf8.o)

.debug_loc
 *(.debug_loc)

.debug_macinfo
 *(.debug_macinfo)
LOAD C:/devkitPro/devkitARM/bin/../lib/gcc/arm-none-eabi/14.2.0/../../../../arm-none-eabi/lib/armv6k/fpu/3dsx_crt0.o
LOAD C:/devkitPro/devkitARM/bin/../lib/gcc/arm-none-eabi/14.2.0/armv6k/fpu/crti.o
LOAD C:/devkitPro/devkitARM/bin/../lib/gcc/arm-none-eabi/14.2.0/armv6k/fpu/crtbegin.o
LOAD main.o
LOAD C:/devkitPro/libctru/lib\libcitro2d.a
LOAD C:/devkitPro/libctru/lib\libcitro3d.a
LOAD C:/devkitPro/libctru/lib\libctru.a
LOAD C:/devkitPro/devkitARM/bin/../lib/gcc/arm-none-eabi/14.2.0/../../../../arm-none-eabi/lib/armv6k/fpu\libstdc++.a
LOAD C:/devkitPro/devkitARM/bin/../lib/gcc/arm-none-eabi/14.2.0/../../../../arm-none-eabi/lib/armv6k/fpu\libm.a
START GROUP
LOAD C:/devkitPro/devkitARM/bin/../lib/gcc/arm-none-eabi/14.2.0/armv6k/fpu\libgcc.a
LOAD C:/devkitPro/devkitARM/bin/../lib/gcc/arm-none-eabi/14.2.0/../../../../arm-none-eabi/lib/armv6k/fpu\libg.a
LOAD C:/devkitPro/devkitARM/bin/../lib/gcc/arm-none-eabi/14.2.0/../../../../arm-none-eabi/lib/armv6k/fpu\libc.a
LOAD C:/devkitPro/devkitARM/bin/../lib/gcc/arm-none-eabi/14.2.0/../../../../arm-none-eabi/lib/armv6k/fpu\libsysbase.a
END GROUP
LOAD C:/devkitPro/devkitARM/bin/../lib/gcc/arm-none-eabi/14.2.0/armv6k/fpu/crtend.o
LOAD C:/devkitPro/devkitARM/bin/../lib/gcc/arm-none-eabi/14.2.0/armv6k/fpu/crtn.o
OUTPUT(C:/Users/mioch/Documents/Nextendo/jiricono/app/jiricono.elf elf32-littlearm)
LOAD linker stubs

.ARM.attributes
                0x00000000       0x2f
 .ARM.attributes
                0x00000000       0x1e C:/devkitPro/devkitARM/bin/../lib/gcc/arm-none-eabi/14.2.0/../../../../arm-none-eabi/lib/armv6k/fpu/3dsx_crt0.o
 .ARM.attributes
                0x0000001e       0x1c C:/devkitPro/devkitARM/bin/../lib/gcc/arm-none-eabi/14.2.0/armv6k/fpu/crti.o
 .ARM.attributes
                0x0000003a       0x30 C:/devkitPro/devkitARM/bin/../lib/gcc/arm-none-eabi/14.2.0/armv6k/fpu/crtbegin.o
 .ARM.attributes
                0x0000006a       0x30 main.o
 .ARM.attributes
                0x0000009a       0x30 C:/devkitPro/libctru/lib\libctru.a(initArgv.o)
 .ARM.attributes
                0x000000ca       0x1a C:/devkitPro/libctru/lib\libctru.a(stack_adjust.o)
 .ARM.attributes
                0x000000e4       0x30 C:/devkitPro/libctru/lib\libctru.a(3dslink.o)
 .ARM.attributes
                0x00000114       0x30 C:/devkitPro/libctru/lib\libctru.a(appExit.o)
 .ARM.attributes
                0x00000144       0x30 C:/devkitPro/libctru/lib\libctru.a(appInit.o)
 .ARM.attributes
                0x00000174       0x30 C:/devkitPro/libctru/lib\libctru.a(ctru_exit.o)
 .ARM.attributes
                0x000001a4       0x30 C:/devkitPro/libctru/lib\libctru.a(ctru_init.o)
 .ARM.attributes
                0x000001d4       0x30 C:/devkitPro/libctru/lib\libctru.a(syscalls.o)
 .ARM.attributes
                0x00000204       0x1a C:/devkitPro/libctru/lib\libctru.a(svc.o)
 .ARM.attributes
                0x0000021e       0x30 C:/devkitPro/libctru/lib\libctru.a(archive_dev.o)
 .ARM.attributes
                0x0000024e       0x30 C:/devkitPro/libctru/lib\libctru.a(env.o)
 .ARM.attributes
                0x0000027e       0x30 C:/devkitPro/libctru/lib\libctru.a(os.o)
 .ARM.attributes
                0x000002ae       0x30 C:/devkitPro/libctru/lib\libctru.a(path_buf.o)
 .ARM.attributes
                0x000002de       0x30 C:/devkitPro/libctru/lib\libctru.a(srv.o)
 .ARM.attributes
                0x0000030e       0x30 C:/devkitPro/libctru/lib\libctru.a(synchronization.o)
 .ARM.attributes
                0x0000033e       0x30 C:/devkitPro/libctru/lib\libctru.a(thread.o)
 .ARM.attributes
                0x0000036e       0x30 C:/devkitPro/libctru/lib\libctru.a(apt.o)
 .ARM.attributes
                0x0000039e       0x30 C:/devkitPro/libctru/lib\libctru.a(fs.o)
 .ARM.attributes
                0x000003ce       0x30 C:/devkitPro/libctru/lib\libctru.a(gspgpu.o)
 .ARM.attributes
                0x000003fe       0x30 C:/devkitPro/libctru/lib\libctru.a(hid.o)
 .ARM.attributes
                0x0000042e       0x30 C:/devkitPro/libctru/lib\libctru.a(irrst.o)
 .ARM.attributes
                0x0000045e       0x30 C:/devkitPro/libctru/lib\libctru.a(ptmsysm.o)
 .ARM.attributes
                0x0000048e       0x30 C:/devkitPro/libctru/lib\libctru.a(srvpm.o)
 .ARM.attributes
                0x000004be       0x30 C:/devkitPro/libctru/lib\libctru.a(decode_utf8.o)
 .ARM.attributes
                0x000004ee       0x30 C:/devkitPro/libctru/lib\libctru.a(utf16_to_utf8.o)
 .ARM.attributes
                0x0000051e       0x30 C:/devkitPro/libctru/lib\libctru.a(utf8_to_utf16.o)
 .ARM.attributes
                0x0000054e       0x30 C:/devkitPro/libctru/lib\libctru.a(allocateHeaps.o)
 .ARM.attributes
                0x0000057e       0x1a C:/devkitPro/libctru/lib\libctru.a(readtp.o)
 .ARM.attributes
                0x00000598       0x30 C:/devkitPro/libctru/lib\libctru.a(mappable.o)
 .ARM.attributes
                0x000005c8       0x30 C:/devkitPro/libctru/lib\libctru.a(decode_utf16.o)
 .ARM.attributes
                0x000005f8       0x30 C:/devkitPro/libctru/lib\libctru.a(encode_utf16.o)
 .ARM.attributes
                0x00000628       0x30 C:/devkitPro/libctru/lib\libctru.a(encode_utf8.o)
 .ARM.attributes
                0x00000658       0x1c C:/devkitPro/devkitARM/bin/../lib/gcc/arm-none-eabi/14.2.0/armv6k/fpu\libgcc.a(_dvmd_tls.o)
 .ARM.attributes
                0x00000674       0x30 C:/devkitPro/devkitARM/bin/../lib/gcc/arm-none-eabi/14.2.0/../../../../arm-none-eabi/lib/armv6k/fpu\libg.a(libc_a-strncmp.o)
 .ARM.attributes
                0x000006a4       0x30 C:/devkitPro/devkitARM/bin/../lib/gcc/arm-none-eabi/14.2.0/../../../../arm-none-eabi/lib/armv6k/fpu\libg.a(libc_a-strlen-stub.o)
 .ARM.attributes
                0x000006d4       0x30 C:/devkitPro/devkitARM/bin/../lib/gcc/arm-none-eabi/14.2.0/../../../../arm-none-eabi/lib/armv6k/fpu\libg.a(libc_a-impure.o)
 .ARM.attributes
                0x00000704       0x30 C:/devkitPro/devkitARM/bin/../lib/gcc/arm-none-eabi/14.2.0/../../../../arm-none-eabi/lib/armv6k/fpu\libg.a(libc_a-strtoul.o)
 .ARM.attributes
                0x00000734       0x30 C:/devkitPro/devkitARM/bin/../lib/gcc/arm-none-eabi/14.2.0/../../../../arm-none-eabi/lib/armv6k/fpu\libg.a(libc_a-strncat.o)
 .ARM.attributes
                0x00000764       0x30 C:/devkitPro/devkitARM/bin/../lib/gcc/arm-none-eabi/14.2.0/../../../../arm-none-eabi/lib/armv6k/fpu\libg.a(libc_a-bsearch.o)
 .ARM.attributes
                0x00000794       0x30 C:/devkitPro/devkitARM/bin/../lib/gcc/arm-none-eabi/14.2.0/../../../../arm-none-eabi/lib/armv6k/fpu\libg.a(libc_a-malign.o)
 .ARM.attributes
                0x000007c4       0x30 C:/devkitPro/devkitARM/bin/../lib/gcc/arm-none-eabi/14.2.0/../../../../arm-none-eabi/lib/armv6k/fpu\libg.a(libc_a-findfp.o)
 .ARM.attributes
                0x000007f4       0x30 C:/devkitPro/devkitARM/bin/../lib/gcc/arm-none-eabi/14.2.0/../../../../arm-none-eabi/lib/armv6k/fpu\libg.a(libc_a-mallocr.o)
 .ARM.attributes
                0x00000824       0x30 C:/devkitPro/devkitARM/bin/../lib/gcc/arm-none-eabi/14.2.0/../../../../arm-none-eabi/lib/armv6k/fpu\libg.a(libc_a-freer.o)
 .ARM.attributes
                0x00000854       0x30 C:/devkitPro/devkitARM/bin/../lib/gcc/arm-none-eabi/14.2.0/../../../../arm-none-eabi/lib/armv6k/fpu\libg.a(libc_a-strnlen.o)
 .ARM.attributes
                0x00000884       0x30 C:/devkitPro/devkitARM/bin/../lib/gcc/arm-none-eabi/14.2.0/../../../../arm-none-eabi/lib/armv6k/fpu\libg.a(libc_a-errno.o)
 .ARM.attributes
                0x000008b4       0x30 C:/devkitPro/devkitARM/bin/../lib/gcc/arm-none-eabi/14.2.0/../../../../arm-none-eabi/lib/armv6k/fpu\libg.a(libc_a-malloc.o)
 .ARM.attributes
                0x000008e4       0x30 C:/devkitPro/devkitARM/bin/../lib/gcc/arm-none-eabi/14.2.0/../../../../arm-none-eabi/lib/armv6k/fpu\libg.a(libc_a-memcpy-stub.o)
 .ARM.attributes
                0x00000914       0x30 C:/devkitPro/devkitARM/bin/../lib/gcc/arm-none-eabi/14.2.0/../../../../arm-none-eabi/lib/armv6k/fpu\libg.a(libc_a-ctype_.o)
 .ARM.attributes
                0x00000944       0x30 C:/devkitPro/devkitARM/bin/../lib/gcc/arm-none-eabi/14.2.0/../../../../arm-none-eabi/lib/armv6k/fpu\libg.a(libc_a-puts.o)
 .ARM.attributes
                0x00000974       0x30 C:/devkitPro/devkitARM/bin/../lib/gcc/arm-none-eabi/14.2.0/../../../../arm-none-eabi/lib/armv6k/fpu\libg.a(libc_a-memset.o)
 .ARM.attributes
                0x000009a4       0x30 C:/devkitPro/devkitARM/bin/../lib/gcc/arm-none-eabi/14.2.0/../../../../arm-none-eabi/lib/armv6k/fpu\libg.a(libc_a-fwalk.o)
 .ARM.attributes
                0x000009d4       0x30 C:/devkitPro/devkitARM/bin/../lib/gcc/arm-none-eabi/14.2.0/../../../../arm-none-eabi/lib/armv6k/fpu\libg.a(libc_a-mlock.o)
 .ARM.attributes
                0x00000a04       0x30 C:/devkitPro/devkitARM/bin/../lib/gcc/arm-none-eabi/14.2.0/../../../../arm-none-eabi/lib/armv6k/fpu\libg.a(libc_a-exit.o)